Archive member included because of file (symbol)

../uart_com_bsp/\libhal_bsp.a(alt_load.o)
                              ../uart_com_bsp//obj/HAL/src/crt0.o (alt_load)
../uart_com_bsp/\libhal_bsp.a(alt_main.o)
                              ../uart_com_bsp//obj/HAL/src/crt0.o (alt_main)
../uart_com_bsp/\libhal_bsp.a(alt_sys_init.o)
                              ../uart_com_bsp/\libhal_bsp.a(alt_main.o) (alt_irq_init)
../uart_com_bsp/\libhal_bsp.a(altera_avalon_jtag_uart_fd.o)
                              ../uart_com_bsp/\libhal_bsp.a(alt_sys_init.o) (altera_avalon_jtag_uart_read_fd)
../uart_com_bsp/\libhal_bsp.a(altera_avalon_jtag_uart_init.o)
                              ../uart_com_bsp/\libhal_bsp.a(alt_sys_init.o) (altera_avalon_jtag_uart_init)
../uart_com_bsp/\libhal_bsp.a(altera_avalon_jtag_uart_ioctl.o)
                              ../uart_com_bsp/\libhal_bsp.a(altera_avalon_jtag_uart_fd.o) (altera_avalon_jtag_uart_ioctl)
../uart_com_bsp/\libhal_bsp.a(altera_avalon_jtag_uart_read.o)
                              ../uart_com_bsp/\libhal_bsp.a(altera_avalon_jtag_uart_fd.o) (altera_avalon_jtag_uart_read)
../uart_com_bsp/\libhal_bsp.a(altera_avalon_jtag_uart_write.o)
                              ../uart_com_bsp/\libhal_bsp.a(altera_avalon_jtag_uart_fd.o) (altera_avalon_jtag_uart_write)
../uart_com_bsp/\libhal_bsp.a(altera_avalon_timer_sc.o)
                              ../uart_com_bsp/\libhal_bsp.a(alt_sys_init.o) (alt_avalon_timer_sc_init)
../uart_com_bsp/\libhal_bsp.a(alt_alarm_start.o)
                              ../uart_com_bsp/\libhal_bsp.a(altera_avalon_jtag_uart_init.o) (alt_alarm_start)
../uart_com_bsp/\libhal_bsp.a(alt_close.o)
                              ../uart_com_bsp/\libhal_bsp.a(alt_main.o) (close)
../uart_com_bsp/\libhal_bsp.a(alt_dcache_flush_all.o)
                              ../uart_com_bsp/\libhal_bsp.a(alt_load.o) (alt_dcache_flush_all)
../uart_com_bsp/\libhal_bsp.a(alt_dev.o)
                              ../uart_com_bsp/\libhal_bsp.a(alt_sys_init.o) (alt_dev_list)
../uart_com_bsp/\libhal_bsp.a(alt_dev_llist_insert.o)
                              ../uart_com_bsp/\libhal_bsp.a(alt_sys_init.o) (alt_dev_llist_insert)
../uart_com_bsp/\libhal_bsp.a(alt_do_ctors.o)
                              ../uart_com_bsp/\libhal_bsp.a(alt_main.o) (_do_ctors)
../uart_com_bsp/\libhal_bsp.a(alt_do_dtors.o)
                              ../uart_com_bsp/\libhal_bsp.a(alt_main.o) (_do_dtors)
../uart_com_bsp/\libhal_bsp.a(alt_errno.o)
                              ../uart_com_bsp/\libhal_bsp.a(alt_close.o) (alt_errno)
../uart_com_bsp/\libhal_bsp.a(alt_icache_flush_all.o)
                              ../uart_com_bsp/\libhal_bsp.a(alt_load.o) (alt_icache_flush_all)
../uart_com_bsp/\libhal_bsp.a(alt_iic.o)
                              ../uart_com_bsp/\libhal_bsp.a(altera_avalon_jtag_uart_init.o) (alt_ic_isr_register)
../uart_com_bsp/\libhal_bsp.a(alt_iic_isr_register.o)
                              ../uart_com_bsp/\libhal_bsp.a(alt_iic.o) (alt_iic_isr_register)
../uart_com_bsp/\libhal_bsp.a(alt_io_redirect.o)
                              ../uart_com_bsp/\libhal_bsp.a(alt_main.o) (alt_io_redirect)
../uart_com_bsp/\libhal_bsp.a(alt_irq_entry.o)
                              ../uart_com_bsp/\libhal_bsp.a(alt_iic_isr_register.o) (alt_irq_entry)
../uart_com_bsp/\libhal_bsp.a(alt_irq_handler.o)
                              ../uart_com_bsp/\libhal_bsp.a(alt_iic_isr_register.o) (alt_irq_handler)
../uart_com_bsp/\libhal_bsp.a(alt_irq_vars.o)
                              ../uart_com_bsp/\libhal_bsp.a(alt_iic.o) (alt_irq_active)
../uart_com_bsp/\libhal_bsp.a(alt_open.o)
                              ../uart_com_bsp/\libhal_bsp.a(alt_io_redirect.o) (open)
../uart_com_bsp/\libhal_bsp.a(alt_release_fd.o)
                              ../uart_com_bsp/\libhal_bsp.a(alt_close.o) (alt_release_fd)
../uart_com_bsp/\libhal_bsp.a(alt_tick.o)
                              ../uart_com_bsp/\libhal_bsp.a(altera_avalon_jtag_uart_init.o) (_alt_tick_rate)
../uart_com_bsp/\libhal_bsp.a(altera_nios2_irq.o)
                              ../uart_com_bsp/\libhal_bsp.a(alt_sys_init.o) (altera_nios2_irq_init)
../uart_com_bsp/\libhal_bsp.a(alt_exception_entry.o)
                              ../uart_com_bsp/\libhal_bsp.a(alt_irq_entry.o) (alt_exception)
../uart_com_bsp/\libhal_bsp.a(alt_find_dev.o)
                              ../uart_com_bsp/\libhal_bsp.a(alt_open.o) (alt_find_dev)
../uart_com_bsp/\libhal_bsp.a(alt_find_file.o)
                              ../uart_com_bsp/\libhal_bsp.a(alt_open.o) (alt_find_file)
../uart_com_bsp/\libhal_bsp.a(alt_get_fd.o)
                              ../uart_com_bsp/\libhal_bsp.a(alt_open.o) (alt_get_fd)
../uart_com_bsp/\libhal_bsp.a(alt_icache_flush.o)
                              ../uart_com_bsp/\libhal_bsp.a(alt_icache_flush_all.o) (alt_icache_flush)
c:/altera/11.0sp1/nios2eds/bin/gnu/h-i686-mingw32/bin/../lib/gcc/nios2-elf/4.1.2/../../../../nios2-elf/lib\libc.a(lib_a-atexit.o)
                              ../uart_com_bsp/\libhal_bsp.a(alt_main.o) (atexit)
c:/altera/11.0sp1/nios2eds/bin/gnu/h-i686-mingw32/bin/../lib/gcc/nios2-elf/4.1.2/../../../../nios2-elf/lib\libc.a(lib_a-exit.o)
                              ../uart_com_bsp/\libhal_bsp.a(alt_main.o) (exit)
c:/altera/11.0sp1/nios2eds/bin/gnu/h-i686-mingw32/bin/../lib/gcc/nios2-elf/4.1.2/../../../../nios2-elf/lib\libc.a(lib_a-impure.o)
                              c:/altera/11.0sp1/nios2eds/bin/gnu/h-i686-mingw32/bin/../lib/gcc/nios2-elf/4.1.2/../../../../nios2-elf/lib\libc.a(lib_a-exit.o) (_global_impure_ptr)
c:/altera/11.0sp1/nios2eds/bin/gnu/h-i686-mingw32/bin/../lib/gcc/nios2-elf/4.1.2/../../../../nios2-elf/lib\libc.a(lib_a-int_errno.o)
                              ../uart_com_bsp/\libhal_bsp.a(alt_close.o) (errno)
c:/altera/11.0sp1/nios2eds/bin/gnu/h-i686-mingw32/bin/../lib/gcc/nios2-elf/4.1.2/../../../../nios2-elf/lib\libc.a(lib_a-memcmp.o)
                              ../uart_com_bsp/\libhal_bsp.a(alt_find_dev.o) (memcmp)
c:/altera/11.0sp1/nios2eds/bin/gnu/h-i686-mingw32/bin/../lib/gcc/nios2-elf/4.1.2/../../../../nios2-elf/lib\libc.a(lib_a-memcpy.o)
                              ../uart_com_bsp/\libhal_bsp.a(altera_avalon_jtag_uart_read.o) (memcpy)
c:/altera/11.0sp1/nios2eds/bin/gnu/h-i686-mingw32/bin/../lib/gcc/nios2-elf/4.1.2/../../../../nios2-elf/lib\libc.a(lib_a-strlen.o)
                              ../uart_com_bsp/\libhal_bsp.a(alt_find_dev.o) (strlen)
c:/altera/11.0sp1/nios2eds/bin/gnu/h-i686-mingw32/bin/../lib/gcc/nios2-elf/4.1.2/../../../../nios2-elf/lib\libc.a(lib_a-__atexit.o)
                              c:/altera/11.0sp1/nios2eds/bin/gnu/h-i686-mingw32/bin/../lib/gcc/nios2-elf/4.1.2/../../../../nios2-elf/lib\libc.a(lib_a-atexit.o) (__register_exitproc)
c:/altera/11.0sp1/nios2eds/bin/gnu/h-i686-mingw32/bin/../lib/gcc/nios2-elf/4.1.2/../../../../nios2-elf/lib\libc.a(lib_a-__call_atexit.o)
                              c:/altera/11.0sp1/nios2eds/bin/gnu/h-i686-mingw32/bin/../lib/gcc/nios2-elf/4.1.2/../../../../nios2-elf/lib\libc.a(lib_a-exit.o) (__call_exitprocs)
../uart_com_bsp/\libhal_bsp.a(alt_exit.o)
                              c:/altera/11.0sp1/nios2eds/bin/gnu/h-i686-mingw32/bin/../lib/gcc/nios2-elf/4.1.2/../../../../nios2-elf/lib\libc.a(lib_a-exit.o) (_exit)

Allocating common symbols
Common symbol       size              file

alt_irq             0x100             ../uart_com_bsp/\libhal_bsp.a(alt_irq_handler.o)
errno               0x4               c:/altera/11.0sp1/nios2eds/bin/gnu/h-i686-mingw32/bin/../lib/gcc/nios2-elf/4.1.2/../../../../nios2-elf/lib\libc.a(lib_a-int_errno.o)
_atexit0            0x190             c:/altera/11.0sp1/nios2eds/bin/gnu/h-i686-mingw32/bin/../lib/gcc/nios2-elf/4.1.2/../../../../nios2-elf/lib\libc.a(lib_a-atexit.o)

Memory Configuration

Name             Origin             Length             Attributes
reset            0x00010000         0x00000020
onchip_memory2_0 0x00010020         0x00009fe0
*default*        0x00000000         0xffffffff

Linker script and memory map

LOAD ../uart_com_bsp//obj/HAL/src/crt0.o
LOAD c:/altera/11.0sp1/nios2eds/bin/gnu/h-i686-mingw32/bin/../lib/gcc/nios2-elf/4.1.2/../../../../nios2-elf/lib\libstdc++.a
LOAD c:/altera/11.0sp1/nios2eds/bin/gnu/h-i686-mingw32/bin/../lib/gcc/nios2-elf/4.1.2/../../../../nios2-elf/lib\libm.a
LOAD c:/altera/11.0sp1/nios2eds/bin/gnu/h-i686-mingw32/bin/../lib/gcc/nios2-elf/4.1.2\libgcc.a
START GROUP
LOAD c:/altera/11.0sp1/nios2eds/bin/gnu/h-i686-mingw32/bin/../lib/gcc/nios2-elf/4.1.2/../../../../nios2-elf/lib\libc.a
LOAD c:/altera/11.0sp1/nios2eds/bin/gnu/h-i686-mingw32/bin/../lib/gcc/nios2-elf/4.1.2\libgcc.a
LOAD ../uart_com_bsp/\libhal_bsp.a
END GROUP
LOAD c:/altera/11.0sp1/nios2eds/bin/gnu/h-i686-mingw32/bin/../lib/gcc/nios2-elf/4.1.2\libgcc.a
                0x00010000                __alt_mem_onchip_memory2_0 = 0x10000

.entry          0x00010000       0x20
 *(.entry)
 .entry         0x00010000       0x20 ../uart_com_bsp//obj/HAL/src/crt0.o
                0x00010000                __reset

.exceptions     0x00010020      0x194
                0x00010020                PROVIDE (__ram_exceptions_start, ABSOLUTE (.))
                0x00010020                . = ALIGN (0x20)
 *(.irq)
 *(.exceptions.entry.label)
 .exceptions.entry.label
                0x00010020        0x0 ../uart_com_bsp/\libhal_bsp.a(alt_irq_entry.o)
                0x00010020                alt_irq_entry
 .exceptions.entry.label
                0x00010020        0x0 ../uart_com_bsp/\libhal_bsp.a(alt_exception_entry.o)
                0x00010020                alt_exception
 *(.exceptions.entry.user)
 *(.exceptions.entry)
 .exceptions.entry
                0x00010020       0x54 ../uart_com_bsp/\libhal_bsp.a(alt_exception_entry.o)
 *(.exceptions.irqtest.user)
 *(.exceptions.irqtest)
 .exceptions.irqtest
                0x00010074       0x10 ../uart_com_bsp/\libhal_bsp.a(alt_irq_entry.o)
 *(.exceptions.irqhandler.user)
 *(.exceptions.irqhandler)
 .exceptions.irqhandler
                0x00010084        0x4 ../uart_com_bsp/\libhal_bsp.a(alt_irq_entry.o)
 *(.exceptions.irqreturn.user)
 *(.exceptions.irqreturn)
 .exceptions.irqreturn
                0x00010088        0x4 ../uart_com_bsp/\libhal_bsp.a(alt_irq_entry.o)
 *(.exceptions.notirq.label)
 .exceptions.notirq.label
                0x0001008c        0x0 ../uart_com_bsp/\libhal_bsp.a(alt_irq_entry.o)
 *(.exceptions.notirq.user)
 *(.exceptions.notirq)
 .exceptions.notirq
                0x0001008c        0x8 ../uart_com_bsp/\libhal_bsp.a(alt_exception_entry.o)
 *(.exceptions.soft.user)
 *(.exceptions.soft)
 *(.exceptions.unknown.user)
 *(.exceptions.unknown)
 .exceptions.unknown
                0x00010094        0x4 ../uart_com_bsp/\libhal_bsp.a(alt_exception_entry.o)
 *(.exceptions.exit.label)
 .exceptions.exit.label
                0x00010098        0x0 ../uart_com_bsp/\libhal_bsp.a(alt_irq_entry.o)
 .exceptions.exit.label
                0x00010098        0x0 ../uart_com_bsp/\libhal_bsp.a(alt_exception_entry.o)
 *(.exceptions.exit.user)
 *(.exceptions.exit)
 .exceptions.exit
                0x00010098       0x54 ../uart_com_bsp/\libhal_bsp.a(alt_exception_entry.o)
 *(.exceptions)
 .exceptions    0x000100ec       0xc8 ../uart_com_bsp/\libhal_bsp.a(alt_irq_handler.o)
                0x000100ec                alt_irq_handler
                0x000101b4                PROVIDE (__ram_exceptions_end, ABSOLUTE (.))
                0x00010020                PROVIDE (__flash_exceptions_start, LOADADDR (.exceptions))

.text           0x000101b4     0x2454
                0x000101b4                PROVIDE (stext, ABSOLUTE (.))
 *(.interp)
 *(.hash)
 *(.dynsym)
 *(.dynstr)
 *(.gnu.version)
 *(.gnu.version_d)
 *(.gnu.version_r)
 *(.rel.init)
 *(.rela.init)
 *(.rel.text .rel.text.* .rel.gnu.linkonce.t.*)
 *(.rela.text .rela.text.* .rela.gnu.linkonce.t.*)
 *(.rel.fini)
 *(.rela.fini)
 *(.rel.rodata .rel.rodata.* .rel.gnu.linkonce.r.*)
 *(.rela.rodata .rela.rodata.* .rela.gnu.linkonce.r.*)
 *(.rel.data .rel.data.* .rel.gnu.linkonce.d.*)
 *(.rela.data .rela.data.* .rela.gnu.linkonce.d.*)
 *(.rel.tdata .rel.tdata.* .rel.gnu.linkonce.td.*)
 *(.rela.tdata .rela.tdata.* .rela.gnu.linkonce.td.*)
 *(.rel.tbss .rel.tbss.* .rel.gnu.linkonce.tb.*)
 *(.rela.tbss .rela.tbss.* .rela.gnu.linkonce.tb.*)
 *(.rel.ctors)
 *(.rela.ctors)
 *(.rel.dtors)
 *(.rela.dtors)
 *(.rel.got)
 *(.rela.got)
 *(.rel.sdata .rel.sdata.* .rel.gnu.linkonce.s.*)
 *(.rela.sdata .rela.sdata.* .rela.gnu.linkonce.s.*)
 *(.rel.sbss .rel.sbss.* .rel.gnu.linkonce.sb.*)
 *(.rela.sbss .rela.sbss.* .rela.gnu.linkonce.sb.*)
 *(.rel.sdata2 .rel.sdata2.* .rel.gnu.linkonce.s2.*)
 *(.rela.sdata2 .rela.sdata2.* .rela.gnu.linkonce.s2.*)
 *(.rel.sbss2 .rel.sbss2.* .rel.gnu.linkonce.sb2.*)
 *(.rela.sbss2 .rela.sbss2.* .rela.gnu.linkonce.sb2.*)
 *(.rel.bss .rel.bss.* .rel.gnu.linkonce.b.*)
 *(.rela.bss .rela.bss.* .rela.gnu.linkonce.b.*)
 *(.rel.plt)
 *(.rela.plt)
 *(.rel.dyn)
 *(.init)
 *(.plt)
 *(.text .stub .text.* .gnu.linkonce.t.*)
 .text          0x000101b4       0x4c ../uart_com_bsp//obj/HAL/src/crt0.o
                0x000101b4                _start
 .text          0x00010200       0xec ../uart_com_bsp/\libhal_bsp.a(alt_load.o)
                0x00010200                alt_load
 .text          0x000102ec       0x6c ../uart_com_bsp/\libhal_bsp.a(alt_main.o)
                0x000102ec                alt_main
 .text          0x00010358       0xcc ../uart_com_bsp/\libhal_bsp.a(alt_sys_init.o)
                0x00010358                alt_irq_init
                0x0001038c                alt_sys_init
 .text          0x00010424      0x148 ../uart_com_bsp/\libhal_bsp.a(altera_avalon_jtag_uart_fd.o)
                0x00010424                altera_avalon_jtag_uart_read_fd
                0x0001047c                altera_avalon_jtag_uart_write_fd
                0x000104d4                altera_avalon_jtag_uart_close_fd
                0x0001051c                altera_avalon_jtag_uart_ioctl_fd
 .text          0x0001056c      0x40c ../uart_com_bsp/\libhal_bsp.a(altera_avalon_jtag_uart_init.o)
                0x0001056c                altera_avalon_jtag_uart_init
                0x00010904                altera_avalon_jtag_uart_close
 .text          0x00010978       0xf4 ../uart_com_bsp/\libhal_bsp.a(altera_avalon_jtag_uart_ioctl.o)
                0x00010978                altera_avalon_jtag_uart_ioctl
 .text          0x00010a6c      0x224 ../uart_com_bsp/\libhal_bsp.a(altera_avalon_jtag_uart_read.o)
                0x00010a6c                altera_avalon_jtag_uart_read
 .text          0x00010c90      0x240 ../uart_com_bsp/\libhal_bsp.a(altera_avalon_jtag_uart_write.o)
                0x00010c90                altera_avalon_jtag_uart_write
 .text          0x00010ed0      0x100 ../uart_com_bsp/\libhal_bsp.a(altera_avalon_timer_sc.o)
                0x00010f40                alt_avalon_timer_sc_init
 .text          0x00010fd0      0x154 ../uart_com_bsp/\libhal_bsp.a(alt_alarm_start.o)
                0x00010fd0                alt_alarm_start
 .text          0x00011124      0x15c ../uart_com_bsp/\libhal_bsp.a(alt_close.o)
                0x00011124                close
 .text          0x00011280       0x44 ../uart_com_bsp/\libhal_bsp.a(alt_dcache_flush_all.o)
                0x00011280                alt_dcache_flush_all
 .text          0x000112c4       0x2c ../uart_com_bsp/\libhal_bsp.a(alt_dev.o)
 .text          0x000112f0      0x114 ../uart_com_bsp/\libhal_bsp.a(alt_dev_llist_insert.o)
                0x000112f0                alt_dev_llist_insert
 .text          0x00011404       0x64 ../uart_com_bsp/\libhal_bsp.a(alt_do_ctors.o)
                0x00011404                _do_ctors
 .text          0x00011468       0x64 ../uart_com_bsp/\libhal_bsp.a(alt_do_dtors.o)
                0x00011468                _do_dtors
 .text          0x000114cc        0x0 ../uart_com_bsp/\libhal_bsp.a(alt_errno.o)
 .text          0x000114cc       0x30 ../uart_com_bsp/\libhal_bsp.a(alt_icache_flush_all.o)
                0x000114cc                alt_icache_flush_all
 .text          0x000114fc      0x1d4 ../uart_com_bsp/\libhal_bsp.a(alt_iic.o)
                0x000114fc                alt_ic_isr_register
                0x0001154c                alt_ic_irq_enable
                0x000115e8                alt_ic_irq_disable
                0x00011688                alt_ic_irq_enabled
 .text          0x000116d0       0xf8 ../uart_com_bsp/\libhal_bsp.a(alt_iic_isr_register.o)
                0x000116d0                alt_iic_isr_register
 .text          0x000117c8      0x13c ../uart_com_bsp/\libhal_bsp.a(alt_io_redirect.o)
                0x0001188c                alt_io_redirect
 .text          0x00011904        0x0 ../uart_com_bsp/\libhal_bsp.a(alt_irq_entry.o)
 .text          0x00011904        0x0 ../uart_com_bsp/\libhal_bsp.a(alt_irq_handler.o)
 .text          0x00011904        0x0 ../uart_com_bsp/\libhal_bsp.a(alt_irq_vars.o)
 .text          0x00011904      0x2c4 ../uart_com_bsp/\libhal_bsp.a(alt_open.o)
                0x000119e0                open
 .text          0x00011bc8       0x60 ../uart_com_bsp/\libhal_bsp.a(alt_release_fd.o)
                0x00011bc8                alt_release_fd
 .text          0x00011c28      0x1a4 ../uart_com_bsp/\libhal_bsp.a(alt_tick.o)
                0x00011c28                alt_alarm_stop
                0x00011cc0                alt_tick
 .text          0x00011dcc       0x20 ../uart_com_bsp/\libhal_bsp.a(altera_nios2_irq.o)
                0x00011dcc                altera_nios2_irq_init
 .text          0x00011dec        0x0 ../uart_com_bsp/\libhal_bsp.a(alt_exception_entry.o)
 .text          0x00011dec       0x94 ../uart_com_bsp/\libhal_bsp.a(alt_find_dev.o)
                0x00011dec                alt_find_dev
 .text          0x00011e80      0x120 ../uart_com_bsp/\libhal_bsp.a(alt_find_file.o)
                0x00011e80                alt_find_file
 .text          0x00011fa0       0xb8 ../uart_com_bsp/\libhal_bsp.a(alt_get_fd.o)
                0x00011fa0                alt_get_fd
 .text          0x00012058       0x90 ../uart_com_bsp/\libhal_bsp.a(alt_icache_flush.o)
                0x00012058                alt_icache_flush
 .text          0x000120e8       0x14 c:/altera/11.0sp1/nios2eds/bin/gnu/h-i686-mingw32/bin/../lib/gcc/nios2-elf/4.1.2/../../../../nios2-elf/lib\libc.a(lib_a-atexit.o)
                0x000120e8                atexit
 .text          0x000120fc       0x38 c:/altera/11.0sp1/nios2eds/bin/gnu/h-i686-mingw32/bin/../lib/gcc/nios2-elf/4.1.2/../../../../nios2-elf/lib\libc.a(lib_a-exit.o)
                0x000120fc                exit
 .text          0x00012134        0x0 c:/altera/11.0sp1/nios2eds/bin/gnu/h-i686-mingw32/bin/../lib/gcc/nios2-elf/4.1.2/../../../../nios2-elf/lib\libc.a(lib_a-impure.o)
 .text          0x00012134        0x0 c:/altera/11.0sp1/nios2eds/bin/gnu/h-i686-mingw32/bin/../lib/gcc/nios2-elf/4.1.2/../../../../nios2-elf/lib\libc.a(lib_a-int_errno.o)
 .text          0x00012134       0x74 c:/altera/11.0sp1/nios2eds/bin/gnu/h-i686-mingw32/bin/../lib/gcc/nios2-elf/4.1.2/../../../../nios2-elf/lib\libc.a(lib_a-memcmp.o)
                0x00012134                memcmp
 .text          0x000121a8       0xa0 c:/altera/11.0sp1/nios2eds/bin/gnu/h-i686-mingw32/bin/../lib/gcc/nios2-elf/4.1.2/../../../../nios2-elf/lib\libc.a(lib_a-memcpy.o)
                0x000121a8                memcpy
 .text          0x00012248       0x74 c:/altera/11.0sp1/nios2eds/bin/gnu/h-i686-mingw32/bin/../lib/gcc/nios2-elf/4.1.2/../../../../nios2-elf/lib\libc.a(lib_a-strlen.o)
                0x00012248                strlen
 .text          0x000122bc      0x134 c:/altera/11.0sp1/nios2eds/bin/gnu/h-i686-mingw32/bin/../lib/gcc/nios2-elf/4.1.2/../../../../nios2-elf/lib\libc.a(lib_a-__atexit.o)
                0x000122bc                __register_exitproc
 .text          0x000123f0      0x1b4 c:/altera/11.0sp1/nios2eds/bin/gnu/h-i686-mingw32/bin/../lib/gcc/nios2-elf/4.1.2/../../../../nios2-elf/lib\libc.a(lib_a-__call_atexit.o)
                0x000123f4                __call_exitprocs
 .text          0x000125a4       0x60 ../uart_com_bsp/\libhal_bsp.a(alt_exit.o)
                0x000125e4                _exit
 *(.gnu.warning.*)
 *(.fini)
                0x00012604                PROVIDE (__etext, ABSOLUTE (.))
                0x00012604                PROVIDE (_etext, ABSOLUTE (.))
                0x00012604                PROVIDE (etext, ABSOLUTE (.))
 *(.eh_frame_hdr)
                0x00012604                . = ALIGN (0x4)
                0x00012604                PROVIDE (__preinit_array_start, ABSOLUTE (.))
 *(.preinit_array)
                0x00012604                PROVIDE (__preinit_array_end, ABSOLUTE (.))
                0x00012604                PROVIDE (__init_array_start, ABSOLUTE (.))
 *(.init_array)
                0x00012604                PROVIDE (__init_array_end, ABSOLUTE (.))
                0x00012604                PROVIDE (__fini_array_start, ABSOLUTE (.))
 *(.fini_array)
                0x00012604                PROVIDE (__fini_array_end, ABSOLUTE (.))
 *(.eh_frame)
 *(.gcc_except_table)
 *(.dynamic)
                0x00012604                PROVIDE (__CTOR_LIST__, ABSOLUTE (.))
 *(.ctors)
 *(SORT(.ctors.*))
 .ctors.65535   0x00012604        0x4 c:/altera/11.0sp1/nios2eds/bin/gnu/h-i686-mingw32/bin/../lib/gcc/nios2-elf/4.1.2/../../../../nios2-elf/lib\libc.a(lib_a-__call_atexit.o)
                0x00012608                PROVIDE (__CTOR_END__, ABSOLUTE (.))
                0x00012608                PROVIDE (__DTOR_LIST__, ABSOLUTE (.))
 *(.dtors)
 *(SORT(.dtors.*))
                0x00012608                PROVIDE (__DTOR_END__, ABSOLUTE (.))
 *(.jcr)
                0x00012608                . = ALIGN (0x4)

.rodata         0x00012608       0x38
                0x00012608                PROVIDE (__ram_rodata_start, ABSOLUTE (.))
                0x00012608                . = ALIGN (0x4)
 *(.rodata .rodata.* .gnu.linkonce.r.*)
 .rodata        0x00012608       0x14 ../uart_com_bsp/\libhal_bsp.a(alt_main.o)
 .rodata        0x0001261c       0x14 ../uart_com_bsp/\libhal_bsp.a(alt_sys_init.o)
 .rodata        0x00012630        0xc ../uart_com_bsp/\libhal_bsp.a(alt_dev.o)
 .rodata.str1.4
                0x0001263c        0x4 c:/altera/11.0sp1/nios2eds/bin/gnu/h-i686-mingw32/bin/../lib/gcc/nios2-elf/4.1.2/../../../../nios2-elf/lib\libc.a(lib_a-impure.o)
 *(.rodata1)
                0x00012640                . = ALIGN (0x4)
                0x00012640                PROVIDE (__ram_rodata_end, ABSOLUTE (.))
                0x00012608                PROVIDE (__flash_rodata_start, LOADADDR (.rodata))

.rwdata         0x00012640     0x1634 load address 0x00013c74
                0x00012640                PROVIDE (__ram_rwdata_start, ABSOLUTE (.))
                0x00012640                . = ALIGN (0x4)
 *(.got.plt)
 *(.got)
 *(.data1)
 *(.data .data.* .gnu.linkonce.d.*)
 .data          0x00012640        0x0 ../uart_com_bsp//obj/HAL/src/crt0.o
 .data          0x00012640        0x0 ../uart_com_bsp/\libhal_bsp.a(alt_load.o)
 .data          0x00012640        0x0 ../uart_com_bsp/\libhal_bsp.a(alt_main.o)
 .data          0x00012640     0x1060 ../uart_com_bsp/\libhal_bsp.a(alt_sys_init.o)
 .data          0x000136a0        0x0 ../uart_com_bsp/\libhal_bsp.a(altera_avalon_jtag_uart_fd.o)
 .data          0x000136a0        0x0 ../uart_com_bsp/\libhal_bsp.a(altera_avalon_jtag_uart_init.o)
 .data          0x000136a0        0x0 ../uart_com_bsp/\libhal_bsp.a(altera_avalon_jtag_uart_ioctl.o)
 .data          0x000136a0        0x0 ../uart_com_bsp/\libhal_bsp.a(altera_avalon_jtag_uart_read.o)
 .data          0x000136a0        0x0 ../uart_com_bsp/\libhal_bsp.a(altera_avalon_jtag_uart_write.o)
 .data          0x000136a0        0x0 ../uart_com_bsp/\libhal_bsp.a(altera_avalon_timer_sc.o)
 .data          0x000136a0        0x0 ../uart_com_bsp/\libhal_bsp.a(alt_alarm_start.o)
 .data          0x000136a0        0x0 ../uart_com_bsp/\libhal_bsp.a(alt_close.o)
 .data          0x000136a0        0x0 ../uart_com_bsp/\libhal_bsp.a(alt_dcache_flush_all.o)
 .data          0x000136a0      0x1a8 ../uart_com_bsp/\libhal_bsp.a(alt_dev.o)
                0x000136a0                alt_dev_null
                0x000136c8                alt_fd_list
 .data          0x00013848        0x0 ../uart_com_bsp/\libhal_bsp.a(alt_dev_llist_insert.o)
 .data          0x00013848        0x0 ../uart_com_bsp/\libhal_bsp.a(alt_do_ctors.o)
 .data          0x00013848        0x0 ../uart_com_bsp/\libhal_bsp.a(alt_do_dtors.o)
 .data          0x00013848        0x0 ../uart_com_bsp/\libhal_bsp.a(alt_errno.o)
 .data          0x00013848        0x0 ../uart_com_bsp/\libhal_bsp.a(alt_icache_flush_all.o)
 .data          0x00013848        0x0 ../uart_com_bsp/\libhal_bsp.a(alt_iic.o)
 .data          0x00013848        0x0 ../uart_com_bsp/\libhal_bsp.a(alt_iic_isr_register.o)
 .data          0x00013848        0x0 ../uart_com_bsp/\libhal_bsp.a(alt_io_redirect.o)
 .data          0x00013848        0x0 ../uart_com_bsp/\libhal_bsp.a(alt_irq_entry.o)
 .data          0x00013848        0x0 ../uart_com_bsp/\libhal_bsp.a(alt_irq_handler.o)
 .data          0x00013848        0x0 ../uart_com_bsp/\libhal_bsp.a(alt_irq_vars.o)
 .data          0x00013848        0x0 ../uart_com_bsp/\libhal_bsp.a(alt_open.o)
 .data          0x00013848        0x0 ../uart_com_bsp/\libhal_bsp.a(alt_release_fd.o)
 .data          0x00013848        0x0 ../uart_com_bsp/\libhal_bsp.a(alt_tick.o)
 .data          0x00013848        0x0 ../uart_com_bsp/\libhal_bsp.a(altera_nios2_irq.o)
 .data          0x00013848        0x0 ../uart_com_bsp/\libhal_bsp.a(alt_exception_entry.o)
 .data          0x00013848        0x0 ../uart_com_bsp/\libhal_bsp.a(alt_find_dev.o)
 .data          0x00013848        0x0 ../uart_com_bsp/\libhal_bsp.a(alt_find_file.o)
 .data          0x00013848        0x0 ../uart_com_bsp/\libhal_bsp.a(alt_get_fd.o)
 .data          0x00013848        0x0 ../uart_com_bsp/\libhal_bsp.a(alt_icache_flush.o)
 .data          0x00013848        0x0 c:/altera/11.0sp1/nios2eds/bin/gnu/h-i686-mingw32/bin/../lib/gcc/nios2-elf/4.1.2/../../../../nios2-elf/lib\libc.a(lib_a-atexit.o)
 .data          0x00013848        0x0 c:/altera/11.0sp1/nios2eds/bin/gnu/h-i686-mingw32/bin/../lib/gcc/nios2-elf/4.1.2/../../../../nios2-elf/lib\libc.a(lib_a-exit.o)
 .data          0x00013848      0x400 c:/altera/11.0sp1/nios2eds/bin/gnu/h-i686-mingw32/bin/../lib/gcc/nios2-elf/4.1.2/../../../../nios2-elf/lib\libc.a(lib_a-impure.o)
 .data          0x00013c48        0x0 c:/altera/11.0sp1/nios2eds/bin/gnu/h-i686-mingw32/bin/../lib/gcc/nios2-elf/4.1.2/../../../../nios2-elf/lib\libc.a(lib_a-int_errno.o)
 .data          0x00013c48        0x0 c:/altera/11.0sp1/nios2eds/bin/gnu/h-i686-mingw32/bin/../lib/gcc/nios2-elf/4.1.2/../../../../nios2-elf/lib\libc.a(lib_a-memcmp.o)
 .data          0x00013c48        0x0 c:/altera/11.0sp1/nios2eds/bin/gnu/h-i686-mingw32/bin/../lib/gcc/nios2-elf/4.1.2/../../../../nios2-elf/lib\libc.a(lib_a-memcpy.o)
 .data          0x00013c48        0x0 c:/altera/11.0sp1/nios2eds/bin/gnu/h-i686-mingw32/bin/../lib/gcc/nios2-elf/4.1.2/../../../../nios2-elf/lib\libc.a(lib_a-strlen.o)
 .data          0x00013c48        0x0 c:/altera/11.0sp1/nios2eds/bin/gnu/h-i686-mingw32/bin/../lib/gcc/nios2-elf/4.1.2/../../../../nios2-elf/lib\libc.a(lib_a-__atexit.o)
 .data          0x00013c48        0x0 c:/altera/11.0sp1/nios2eds/bin/gnu/h-i686-mingw32/bin/../lib/gcc/nios2-elf/4.1.2/../../../../nios2-elf/lib\libc.a(lib_a-__call_atexit.o)
 .data          0x00013c48        0x0 ../uart_com_bsp/\libhal_bsp.a(alt_exit.o)
                0x0001bc48                _gp = ABSOLUTE ((. + 0x8000))
                0x0001bc48                PROVIDE (gp, _gp)
 *(.rwdata .rwdata.*)
 *(.sdata .sdata.* .gnu.linkonce.s.*)
 .sdata         0x00013c48       0x14 ../uart_com_bsp/\libhal_bsp.a(alt_dev.o)
                0x00013c48                alt_fs_list
                0x00013c50                alt_dev_list
                0x00013c58                alt_max_fd
 .sdata         0x00013c5c        0x4 ../uart_com_bsp/\libhal_bsp.a(alt_errno.o)
                0x00013c5c                alt_errno
 .sdata         0x00013c60        0x4 ../uart_com_bsp/\libhal_bsp.a(alt_irq_vars.o)
                0x00013c60                alt_priority_mask
 .sdata         0x00013c64        0x8 ../uart_com_bsp/\libhal_bsp.a(alt_tick.o)
                0x00013c64                alt_alarm_list
 .sdata         0x00013c6c        0x8 c:/altera/11.0sp1/nios2eds/bin/gnu/h-i686-mingw32/bin/../lib/gcc/nios2-elf/4.1.2/../../../../nios2-elf/lib\libc.a(lib_a-impure.o)
                0x00013c6c                _impure_ptr
                0x00013c70                _global_impure_ptr
 *(.sdata2 .sdata2.* .gnu.linkonce.s2.*)
                0x00013c74                . = ALIGN (0x4)
                0x00013c74                _edata = ABSOLUTE (.)
                0x00013c74                PROVIDE (edata, ABSOLUTE (.))
                0x00013c74                PROVIDE (__ram_rwdata_end, ABSOLUTE (.))
                0x00013c74                PROVIDE (__flash_rwdata_start, LOADADDR (.rwdata))

.bss            0x000152a8      0x2ac
                0x000152a8                __bss_start = ABSOLUTE (.)
                0x000152a8                PROVIDE (__sbss_start, ABSOLUTE (.))
                0x000152a8                PROVIDE (___sbss_start, ABSOLUTE (.))
 *(.dynsbss)
 *(.sbss .sbss.* .gnu.linkonce.sb.*)
 .sbss          0x000152a8        0xc ../uart_com_bsp/\libhal_bsp.a(alt_main.o)
                0x000152a8                alt_argc
                0x000152ac                alt_argv
                0x000152b0                alt_envp
 .sbss          0x000152b4        0x4 ../uart_com_bsp/\libhal_bsp.a(alt_irq_vars.o)
                0x000152b4                alt_irq_active
 .sbss          0x000152b8        0x8 ../uart_com_bsp/\libhal_bsp.a(alt_tick.o)
                0x000152b8                _alt_tick_rate
                0x000152bc                _alt_nticks
 .sbss          0x000152c0        0x4 c:/altera/11.0sp1/nios2eds/bin/gnu/h-i686-mingw32/bin/../lib/gcc/nios2-elf/4.1.2/../../../../nios2-elf/lib\libc.a(lib_a-int_errno.o)
                0x000152c0                errno
 *(.sbss2 .sbss2.* .gnu.linkonce.sb2.*)
 *(.scommon)
                0x000152c4                PROVIDE (__sbss_end, ABSOLUTE (.))
                0x000152c4                PROVIDE (___sbss_end, ABSOLUTE (.))
 *(.dynbss)
 *(.bss .bss.* .gnu.linkonce.b.*)
 .bss           0x000152c4        0x0 ../uart_com_bsp//obj/HAL/src/crt0.o
 .bss           0x000152c4        0x0 ../uart_com_bsp/\libhal_bsp.a(alt_load.o)
 .bss           0x000152c4        0x0 ../uart_com_bsp/\libhal_bsp.a(alt_main.o)
 .bss           0x000152c4        0x0 ../uart_com_bsp/\libhal_bsp.a(alt_sys_init.o)
 .bss           0x000152c4        0x0 ../uart_com_bsp/\libhal_bsp.a(altera_avalon_jtag_uart_fd.o)
 .bss           0x000152c4        0x0 ../uart_com_bsp/\libhal_bsp.a(altera_avalon_jtag_uart_init.o)
 .bss           0x000152c4        0x0 ../uart_com_bsp/\libhal_bsp.a(altera_avalon_jtag_uart_ioctl.o)
 .bss           0x000152c4        0x0 ../uart_com_bsp/\libhal_bsp.a(altera_avalon_jtag_uart_read.o)
 .bss           0x000152c4        0x0 ../uart_com_bsp/\libhal_bsp.a(altera_avalon_jtag_uart_write.o)
 .bss           0x000152c4        0x0 ../uart_com_bsp/\libhal_bsp.a(altera_avalon_timer_sc.o)
 .bss           0x000152c4        0x0 ../uart_com_bsp/\libhal_bsp.a(alt_alarm_start.o)
 .bss           0x000152c4        0x0 ../uart_com_bsp/\libhal_bsp.a(alt_close.o)
 .bss           0x000152c4        0x0 ../uart_com_bsp/\libhal_bsp.a(alt_dcache_flush_all.o)
 .bss           0x000152c4        0x0 ../uart_com_bsp/\libhal_bsp.a(alt_dev.o)
 .bss           0x000152c4        0x0 ../uart_com_bsp/\libhal_bsp.a(alt_dev_llist_insert.o)
 .bss           0x000152c4        0x0 ../uart_com_bsp/\libhal_bsp.a(alt_do_ctors.o)
 .bss           0x000152c4        0x0 ../uart_com_bsp/\libhal_bsp.a(alt_do_dtors.o)
 .bss           0x000152c4        0x0 ../uart_com_bsp/\libhal_bsp.a(alt_errno.o)
 .bss           0x000152c4        0x0 ../uart_com_bsp/\libhal_bsp.a(alt_icache_flush_all.o)
 .bss           0x000152c4        0x0 ../uart_com_bsp/\libhal_bsp.a(alt_iic.o)
 .bss           0x000152c4        0x0 ../uart_com_bsp/\libhal_bsp.a(alt_iic_isr_register.o)
 .bss           0x000152c4        0x0 ../uart_com_bsp/\libhal_bsp.a(alt_io_redirect.o)
 .bss           0x000152c4        0x0 ../uart_com_bsp/\libhal_bsp.a(alt_irq_entry.o)
 .bss           0x000152c4        0x0 ../uart_com_bsp/\libhal_bsp.a(alt_irq_handler.o)
 .bss           0x000152c4        0x0 ../uart_com_bsp/\libhal_bsp.a(alt_irq_vars.o)
 .bss           0x000152c4        0x0 ../uart_com_bsp/\libhal_bsp.a(alt_open.o)
 .bss           0x000152c4        0x0 ../uart_com_bsp/\libhal_bsp.a(alt_release_fd.o)
 .bss           0x000152c4        0x0 ../uart_com_bsp/\libhal_bsp.a(alt_tick.o)
 .bss           0x000152c4        0x0 ../uart_com_bsp/\libhal_bsp.a(altera_nios2_irq.o)
 .bss           0x000152c4        0x0 ../uart_com_bsp/\libhal_bsp.a(alt_exception_entry.o)
 .bss           0x000152c4        0x0 ../uart_com_bsp/\libhal_bsp.a(alt_find_dev.o)
 .bss           0x000152c4        0x0 ../uart_com_bsp/\libhal_bsp.a(alt_find_file.o)
 .bss           0x000152c4        0x0 ../uart_com_bsp/\libhal_bsp.a(alt_get_fd.o)
 .bss           0x000152c4        0x0 ../uart_com_bsp/\libhal_bsp.a(alt_icache_flush.o)
 .bss           0x000152c4        0x0 c:/altera/11.0sp1/nios2eds/bin/gnu/h-i686-mingw32/bin/../lib/gcc/nios2-elf/4.1.2/../../../../nios2-elf/lib\libc.a(lib_a-atexit.o)
 .bss           0x000152c4        0x0 c:/altera/11.0sp1/nios2eds/bin/gnu/h-i686-mingw32/bin/../lib/gcc/nios2-elf/4.1.2/../../../../nios2-elf/lib\libc.a(lib_a-exit.o)
 .bss           0x000152c4        0x0 c:/altera/11.0sp1/nios2eds/bin/gnu/h-i686-mingw32/bin/../lib/gcc/nios2-elf/4.1.2/../../../../nios2-elf/lib\libc.a(lib_a-impure.o)
 .bss           0x000152c4        0x0 c:/altera/11.0sp1/nios2eds/bin/gnu/h-i686-mingw32/bin/../lib/gcc/nios2-elf/4.1.2/../../../../nios2-elf/lib\libc.a(lib_a-int_errno.o)
 .bss           0x000152c4        0x0 c:/altera/11.0sp1/nios2eds/bin/gnu/h-i686-mingw32/bin/../lib/gcc/nios2-elf/4.1.2/../../../../nios2-elf/lib\libc.a(lib_a-memcmp.o)
 .bss           0x000152c4        0x0 c:/altera/11.0sp1/nios2eds/bin/gnu/h-i686-mingw32/bin/../lib/gcc/nios2-elf/4.1.2/../../../../nios2-elf/lib\libc.a(lib_a-memcpy.o)
 .bss           0x000152c4        0x0 c:/altera/11.0sp1/nios2eds/bin/gnu/h-i686-mingw32/bin/../lib/gcc/nios2-elf/4.1.2/../../../../nios2-elf/lib\libc.a(lib_a-strlen.o)
 .bss           0x000152c4        0x0 c:/altera/11.0sp1/nios2eds/bin/gnu/h-i686-mingw32/bin/../lib/gcc/nios2-elf/4.1.2/../../../../nios2-elf/lib\libc.a(lib_a-__atexit.o)
 .bss           0x000152c4        0x0 c:/altera/11.0sp1/nios2eds/bin/gnu/h-i686-mingw32/bin/../lib/gcc/nios2-elf/4.1.2/../../../../nios2-elf/lib\libc.a(lib_a-__call_atexit.o)
 .bss           0x000152c4        0x0 ../uart_com_bsp/\libhal_bsp.a(alt_exit.o)
 *(COMMON)
 COMMON         0x000152c4      0x100 ../uart_com_bsp/\libhal_bsp.a(alt_irq_handler.o)
                0x000152c4                alt_irq
 COMMON         0x000153c4      0x190 c:/altera/11.0sp1/nios2eds/bin/gnu/h-i686-mingw32/bin/../lib/gcc/nios2-elf/4.1.2/../../../../nios2-elf/lib\libc.a(lib_a-atexit.o)
                0x000153c4                _atexit0
                0x00015554                . = ALIGN (0x4)
                0x00015554                __bss_end = ABSOLUTE (.)

.onchip_memory2_0
                0x00015554        0x0
                0x00015554                PROVIDE (_alt_partition_onchip_memory2_0_start, ABSOLUTE (.))
 *(.onchip_memory2_0. onchip_memory2_0.*)
                0x00015554                . = ALIGN (0x4)
                0x00015554                PROVIDE (_alt_partition_onchip_memory2_0_end, ABSOLUTE (.))
                0x00015554                _end = ABSOLUTE (.)
                0x00015554                end = ABSOLUTE (.)
                0x00015554                __alt_stack_base = ABSOLUTE (.)
                0x00015554                PROVIDE (_alt_partition_onchip_memory2_0_load_addr, LOADADDR (.onchip_memory2_0))

.stab
 *(.stab)

.stabstr
 *(.stabstr)

.stab.excl
 *(.stab.excl)

.stab.exclstr
 *(.stab.exclstr)

.stab.index
 *(.stab.index)

.stab.indexstr
 *(.stab.indexstr)

.comment        0x00000000       0x26
 *(.comment)
 .comment       0x00000000       0x26 ../uart_com_bsp/\libhal_bsp.a(alt_load.o)
                                 0x27 (size before relaxing)
 .comment       0x00000000       0x27 ../uart_com_bsp/\libhal_bsp.a(alt_main.o)
 .comment       0x00000000       0x27 ../uart_com_bsp/\libhal_bsp.a(alt_sys_init.o)
 .comment       0x00000000       0x27 ../uart_com_bsp/\libhal_bsp.a(altera_avalon_jtag_uart_fd.o)
 .comment       0x00000000       0x27 ../uart_com_bsp/\libhal_bsp.a(altera_avalon_jtag_uart_init.o)
 .comment       0x00000000       0x27 ../uart_com_bsp/\libhal_bsp.a(altera_avalon_jtag_uart_ioctl.o)
 .comment       0x00000000       0x27 ../uart_com_bsp/\libhal_bsp.a(altera_avalon_jtag_uart_read.o)
 .comment       0x00000000       0x27 ../uart_com_bsp/\libhal_bsp.a(altera_avalon_jtag_uart_write.o)
 .comment       0x00000000       0x27 ../uart_com_bsp/\libhal_bsp.a(altera_avalon_timer_sc.o)
 .comment       0x00000000       0x27 ../uart_com_bsp/\libhal_bsp.a(alt_alarm_start.o)
 .comment       0x00000000       0x27 ../uart_com_bsp/\libhal_bsp.a(alt_close.o)
 .comment       0x00000000       0x27 ../uart_com_bsp/\libhal_bsp.a(alt_dcache_flush_all.o)
 .comment       0x00000000       0x27 ../uart_com_bsp/\libhal_bsp.a(alt_dev.o)
 .comment       0x00000000       0x27 ../uart_com_bsp/\libhal_bsp.a(alt_dev_llist_insert.o)
 .comment       0x00000000       0x27 ../uart_com_bsp/\libhal_bsp.a(alt_do_ctors.o)
 .comment       0x00000000       0x27 ../uart_com_bsp/\libhal_bsp.a(alt_do_dtors.o)
 .comment       0x00000000       0x27 ../uart_com_bsp/\libhal_bsp.a(alt_errno.o)
 .comment       0x00000000       0x27 ../uart_com_bsp/\libhal_bsp.a(alt_icache_flush_all.o)
 .comment       0x00000000       0x27 ../uart_com_bsp/\libhal_bsp.a(alt_iic.o)
 .comment       0x00000000       0x27 ../uart_com_bsp/\libhal_bsp.a(alt_iic_isr_register.o)
 .comment       0x00000000       0x27 ../uart_com_bsp/\libhal_bsp.a(alt_io_redirect.o)
 .comment       0x00000000       0x27 ../uart_com_bsp/\libhal_bsp.a(alt_irq_handler.o)
 .comment       0x00000000       0x27 ../uart_com_bsp/\libhal_bsp.a(alt_irq_vars.o)
 .comment       0x00000000       0x27 ../uart_com_bsp/\libhal_bsp.a(alt_open.o)
 .comment       0x00000000       0x27 ../uart_com_bsp/\libhal_bsp.a(alt_release_fd.o)
 .comment       0x00000000       0x27 ../uart_com_bsp/\libhal_bsp.a(alt_tick.o)
 .comment       0x00000000       0x27 ../uart_com_bsp/\libhal_bsp.a(altera_nios2_irq.o)
 .comment       0x00000000       0x27 ../uart_com_bsp/\libhal_bsp.a(alt_find_dev.o)
 .comment       0x00000000       0x27 ../uart_com_bsp/\libhal_bsp.a(alt_find_file.o)
 .comment       0x00000000       0x27 ../uart_com_bsp/\libhal_bsp.a(alt_get_fd.o)
 .comment       0x00000000       0x27 ../uart_com_bsp/\libhal_bsp.a(alt_icache_flush.o)
 .comment       0x00000000       0x27 c:/altera/11.0sp1/nios2eds/bin/gnu/h-i686-mingw32/bin/../lib/gcc/nios2-elf/4.1.2/../../../../nios2-elf/lib\libc.a(lib_a-atexit.o)
 .comment       0x00000000       0x27 c:/altera/11.0sp1/nios2eds/bin/gnu/h-i686-mingw32/bin/../lib/gcc/nios2-elf/4.1.2/../../../../nios2-elf/lib\libc.a(lib_a-exit.o)
 .comment       0x00000000       0x27 c:/altera/11.0sp1/nios2eds/bin/gnu/h-i686-mingw32/bin/../lib/gcc/nios2-elf/4.1.2/../../../../nios2-elf/lib\libc.a(lib_a-impure.o)
 .comment       0x00000000       0x27 c:/altera/11.0sp1/nios2eds/bin/gnu/h-i686-mingw32/bin/../lib/gcc/nios2-elf/4.1.2/../../../../nios2-elf/lib\libc.a(lib_a-int_errno.o)
 .comment       0x00000000       0x27 c:/altera/11.0sp1/nios2eds/bin/gnu/h-i686-mingw32/bin/../lib/gcc/nios2-elf/4.1.2/../../../../nios2-elf/lib\libc.a(lib_a-memcmp.o)
 .comment       0x00000000       0x27 c:/altera/11.0sp1/nios2eds/bin/gnu/h-i686-mingw32/bin/../lib/gcc/nios2-elf/4.1.2/../../../../nios2-elf/lib\libc.a(lib_a-memcpy.o)
 .comment       0x00000000       0x27 c:/altera/11.0sp1/nios2eds/bin/gnu/h-i686-mingw32/bin/../lib/gcc/nios2-elf/4.1.2/../../../../nios2-elf/lib\libc.a(lib_a-strlen.o)
 .comment       0x00000000       0x27 c:/altera/11.0sp1/nios2eds/bin/gnu/h-i686-mingw32/bin/../lib/gcc/nios2-elf/4.1.2/../../../../nios2-elf/lib\libc.a(lib_a-__atexit.o)
 .comment       0x00000000       0x27 c:/altera/11.0sp1/nios2eds/bin/gnu/h-i686-mingw32/bin/../lib/gcc/nios2-elf/4.1.2/../../../../nios2-elf/lib\libc.a(lib_a-__call_atexit.o)
 .comment       0x00000000       0x27 ../uart_com_bsp/\libhal_bsp.a(alt_exit.o)

.debug
 *(.debug)

.line
 *(.line)

.debug_srcinfo
 *(.debug_srcinfo)

.debug_sfnames
 *(.debug_sfnames)

.debug_aranges  0x00000000      0x538
 *(.debug_aranges)
 .debug_aranges
                0x00000000       0x28 ../uart_com_bsp//obj/HAL/src/crt0.o
 .debug_aranges
                0x00000028       0x20 ../uart_com_bsp/\libhal_bsp.a(alt_load.o)
 .debug_aranges
                0x00000048       0x20 ../uart_com_bsp/\libhal_bsp.a(alt_main.o)
 .debug_aranges
                0x00000068       0x20 ../uart_com_bsp/\libhal_bsp.a(alt_sys_init.o)
 .debug_aranges
                0x00000088       0x20 ../uart_com_bsp/\libhal_bsp.a(altera_avalon_jtag_uart_fd.o)
 .debug_aranges
                0x000000a8       0x20 ../uart_com_bsp/\libhal_bsp.a(altera_avalon_jtag_uart_init.o)
 .debug_aranges
                0x000000c8       0x20 ../uart_com_bsp/\libhal_bsp.a(altera_avalon_jtag_uart_ioctl.o)
 .debug_aranges
                0x000000e8       0x20 ../uart_com_bsp/\libhal_bsp.a(altera_avalon_jtag_uart_read.o)
 .debug_aranges
                0x00000108       0x20 ../uart_com_bsp/\libhal_bsp.a(altera_avalon_jtag_uart_write.o)
 .debug_aranges
                0x00000128       0x20 ../uart_com_bsp/\libhal_bsp.a(altera_avalon_timer_sc.o)
 .debug_aranges
                0x00000148       0x20 ../uart_com_bsp/\libhal_bsp.a(alt_alarm_start.o)
 .debug_aranges
                0x00000168       0x20 ../uart_com_bsp/\libhal_bsp.a(alt_close.o)
 .debug_aranges
                0x00000188       0x20 ../uart_com_bsp/\libhal_bsp.a(alt_dcache_flush_all.o)
 .debug_aranges
                0x000001a8       0x20 ../uart_com_bsp/\libhal_bsp.a(alt_dev.o)
 .debug_aranges
                0x000001c8       0x20 ../uart_com_bsp/\libhal_bsp.a(alt_dev_llist_insert.o)
 .debug_aranges
                0x000001e8       0x20 ../uart_com_bsp/\libhal_bsp.a(alt_do_ctors.o)
 .debug_aranges
                0x00000208       0x20 ../uart_com_bsp/\libhal_bsp.a(alt_do_dtors.o)
 .debug_aranges
                0x00000228       0x20 ../uart_com_bsp/\libhal_bsp.a(alt_icache_flush_all.o)
 .debug_aranges
                0x00000248       0x20 ../uart_com_bsp/\libhal_bsp.a(alt_iic.o)
 .debug_aranges
                0x00000268       0x20 ../uart_com_bsp/\libhal_bsp.a(alt_iic_isr_register.o)
 .debug_aranges
                0x00000288       0x20 ../uart_com_bsp/\libhal_bsp.a(alt_io_redirect.o)
 .debug_aranges
                0x000002a8       0x30 ../uart_com_bsp/\libhal_bsp.a(alt_irq_entry.o)
 .debug_aranges
                0x000002d8       0x28 ../uart_com_bsp/\libhal_bsp.a(alt_irq_handler.o)
 .debug_aranges
                0x00000300       0x20 ../uart_com_bsp/\libhal_bsp.a(alt_open.o)
 .debug_aranges
                0x00000320       0x20 ../uart_com_bsp/\libhal_bsp.a(alt_release_fd.o)
 .debug_aranges
                0x00000340       0x20 ../uart_com_bsp/\libhal_bsp.a(alt_tick.o)
 .debug_aranges
                0x00000360       0x20 ../uart_com_bsp/\libhal_bsp.a(altera_nios2_irq.o)
 .debug_aranges
                0x00000380       0x38 ../uart_com_bsp/\libhal_bsp.a(alt_exception_entry.o)
 .debug_aranges
                0x000003b8       0x20 ../uart_com_bsp/\libhal_bsp.a(alt_find_dev.o)
 .debug_aranges
                0x000003d8       0x20 ../uart_com_bsp/\libhal_bsp.a(alt_find_file.o)
 .debug_aranges
                0x000003f8       0x20 ../uart_com_bsp/\libhal_bsp.a(alt_get_fd.o)
 .debug_aranges
                0x00000418       0x20 ../uart_com_bsp/\libhal_bsp.a(alt_icache_flush.o)
 .debug_aranges
                0x00000438       0x20 c:/altera/11.0sp1/nios2eds/bin/gnu/h-i686-mingw32/bin/../lib/gcc/nios2-elf/4.1.2/../../../../nios2-elf/lib\libc.a(lib_a-atexit.o)
 .debug_aranges
                0x00000458       0x20 c:/altera/11.0sp1/nios2eds/bin/gnu/h-i686-mingw32/bin/../lib/gcc/nios2-elf/4.1.2/../../../../nios2-elf/lib\libc.a(lib_a-exit.o)
 .debug_aranges
                0x00000478       0x20 c:/altera/11.0sp1/nios2eds/bin/gnu/h-i686-mingw32/bin/../lib/gcc/nios2-elf/4.1.2/../../../../nios2-elf/lib\libc.a(lib_a-memcmp.o)
 .debug_aranges
                0x00000498       0x20 c:/altera/11.0sp1/nios2eds/bin/gnu/h-i686-mingw32/bin/../lib/gcc/nios2-elf/4.1.2/../../../../nios2-elf/lib\libc.a(lib_a-memcpy.o)
 .debug_aranges
                0x000004b8       0x20 c:/altera/11.0sp1/nios2eds/bin/gnu/h-i686-mingw32/bin/../lib/gcc/nios2-elf/4.1.2/../../../../nios2-elf/lib\libc.a(lib_a-strlen.o)
 .debug_aranges
                0x000004d8       0x20 c:/altera/11.0sp1/nios2eds/bin/gnu/h-i686-mingw32/bin/../lib/gcc/nios2-elf/4.1.2/../../../../nios2-elf/lib\libc.a(lib_a-__atexit.o)
 .debug_aranges
                0x000004f8       0x20 c:/altera/11.0sp1/nios2eds/bin/gnu/h-i686-mingw32/bin/../lib/gcc/nios2-elf/4.1.2/../../../../nios2-elf/lib\libc.a(lib_a-__call_atexit.o)
 .debug_aranges
                0x00000518       0x20 ../uart_com_bsp/\libhal_bsp.a(alt_exit.o)

.debug_pubnames
                0x00000000      0x7d0
 *(.debug_pubnames)
 .debug_pubnames
                0x00000000       0x1f ../uart_com_bsp/\libhal_bsp.a(alt_load.o)
 .debug_pubnames
                0x0000001f       0x46 ../uart_com_bsp/\libhal_bsp.a(alt_main.o)
 .debug_pubnames
                0x00000065       0x34 ../uart_com_bsp/\libhal_bsp.a(alt_sys_init.o)
 .debug_pubnames
                0x00000099       0xa5 ../uart_com_bsp/\libhal_bsp.a(altera_avalon_jtag_uart_fd.o)
 .debug_pubnames
                0x0000013e       0x55 ../uart_com_bsp/\libhal_bsp.a(altera_avalon_jtag_uart_init.o)
 .debug_pubnames
                0x00000193       0x34 ../uart_com_bsp/\libhal_bsp.a(altera_avalon_jtag_uart_ioctl.o)
 .debug_pubnames
                0x000001c7       0x33 ../uart_com_bsp/\libhal_bsp.a(altera_avalon_jtag_uart_read.o)
 .debug_pubnames
                0x000001fa       0x34 ../uart_com_bsp/\libhal_bsp.a(altera_avalon_jtag_uart_write.o)
 .debug_pubnames
                0x0000022e       0x2f ../uart_com_bsp/\libhal_bsp.a(altera_avalon_timer_sc.o)
 .debug_pubnames
                0x0000025d       0x26 ../uart_com_bsp/\libhal_bsp.a(alt_alarm_start.o)
 .debug_pubnames
                0x00000283       0x1c ../uart_com_bsp/\libhal_bsp.a(alt_close.o)
 .debug_pubnames
                0x0000029f       0x2b ../uart_com_bsp/\libhal_bsp.a(alt_dcache_flush_all.o)
 .debug_pubnames
                0x000002ca       0x63 ../uart_com_bsp/\libhal_bsp.a(alt_dev.o)
 .debug_pubnames
                0x0000032d       0x2b ../uart_com_bsp/\libhal_bsp.a(alt_dev_llist_insert.o)
 .debug_pubnames
                0x00000358       0x20 ../uart_com_bsp/\libhal_bsp.a(alt_do_ctors.o)
 .debug_pubnames
                0x00000378       0x20 ../uart_com_bsp/\libhal_bsp.a(alt_do_dtors.o)
 .debug_pubnames
                0x00000398       0x20 ../uart_com_bsp/\libhal_bsp.a(alt_errno.o)
 .debug_pubnames
                0x000003b8       0x2b ../uart_com_bsp/\libhal_bsp.a(alt_icache_flush_all.o)
 .debug_pubnames
                0x000003e3       0x6e ../uart_com_bsp/\libhal_bsp.a(alt_iic.o)
 .debug_pubnames
                0x00000451       0x2b ../uart_com_bsp/\libhal_bsp.a(alt_iic_isr_register.o)
 .debug_pubnames
                0x0000047c       0x26 ../uart_com_bsp/\libhal_bsp.a(alt_io_redirect.o)
 .debug_pubnames
                0x000004a2       0x32 ../uart_com_bsp/\libhal_bsp.a(alt_irq_handler.o)
 .debug_pubnames
                0x000004d4       0x3b ../uart_com_bsp/\libhal_bsp.a(alt_irq_vars.o)
 .debug_pubnames
                0x0000050f       0x1b ../uart_com_bsp/\libhal_bsp.a(alt_open.o)
 .debug_pubnames
                0x0000052a       0x25 ../uart_com_bsp/\libhal_bsp.a(alt_release_fd.o)
 .debug_pubnames
                0x0000054f       0x68 ../uart_com_bsp/\libhal_bsp.a(alt_tick.o)
 .debug_pubnames
                0x000005b7       0x2c ../uart_com_bsp/\libhal_bsp.a(altera_nios2_irq.o)
 .debug_pubnames
                0x000005e3       0x23 ../uart_com_bsp/\libhal_bsp.a(alt_find_dev.o)
 .debug_pubnames
                0x00000606       0x24 ../uart_com_bsp/\libhal_bsp.a(alt_find_file.o)
 .debug_pubnames
                0x0000062a       0x21 ../uart_com_bsp/\libhal_bsp.a(alt_get_fd.o)
 .debug_pubnames
                0x0000064b       0x27 ../uart_com_bsp/\libhal_bsp.a(alt_icache_flush.o)
 .debug_pubnames
                0x00000672       0x2a c:/altera/11.0sp1/nios2eds/bin/gnu/h-i686-mingw32/bin/../lib/gcc/nios2-elf/4.1.2/../../../../nios2-elf/lib\libc.a(lib_a-atexit.o)
 .debug_pubnames
                0x0000069c       0x1b c:/altera/11.0sp1/nios2eds/bin/gnu/h-i686-mingw32/bin/../lib/gcc/nios2-elf/4.1.2/../../../../nios2-elf/lib\libc.a(lib_a-exit.o)
 .debug_pubnames
                0x000006b7       0x39 c:/altera/11.0sp1/nios2eds/bin/gnu/h-i686-mingw32/bin/../lib/gcc/nios2-elf/4.1.2/../../../../nios2-elf/lib\libc.a(lib_a-impure.o)
 .debug_pubnames
                0x000006f0       0x1c c:/altera/11.0sp1/nios2eds/bin/gnu/h-i686-mingw32/bin/../lib/gcc/nios2-elf/4.1.2/../../../../nios2-elf/lib\libc.a(lib_a-int_errno.o)
 .debug_pubnames
                0x0000070c       0x1d c:/altera/11.0sp1/nios2eds/bin/gnu/h-i686-mingw32/bin/../lib/gcc/nios2-elf/4.1.2/../../../../nios2-elf/lib\libc.a(lib_a-memcmp.o)
 .debug_pubnames
                0x00000729       0x1d c:/altera/11.0sp1/nios2eds/bin/gnu/h-i686-mingw32/bin/../lib/gcc/nios2-elf/4.1.2/../../../../nios2-elf/lib\libc.a(lib_a-memcpy.o)
 .debug_pubnames
                0x00000746       0x1d c:/altera/11.0sp1/nios2eds/bin/gnu/h-i686-mingw32/bin/../lib/gcc/nios2-elf/4.1.2/../../../../nios2-elf/lib\libc.a(lib_a-strlen.o)
 .debug_pubnames
                0x00000763       0x2a c:/altera/11.0sp1/nios2eds/bin/gnu/h-i686-mingw32/bin/../lib/gcc/nios2-elf/4.1.2/../../../../nios2-elf/lib\libc.a(lib_a-__atexit.o)
 .debug_pubnames
                0x0000078d       0x27 c:/altera/11.0sp1/nios2eds/bin/gnu/h-i686-mingw32/bin/../lib/gcc/nios2-elf/4.1.2/../../../../nios2-elf/lib\libc.a(lib_a-__call_atexit.o)
 .debug_pubnames
                0x000007b4       0x1c ../uart_com_bsp/\libhal_bsp.a(alt_exit.o)

.debug_info     0x00000000     0x9dfd
 *(.debug_info .gnu.linkonce.wi.*)
 .debug_info    0x00000000       0x65 ../uart_com_bsp//obj/HAL/src/crt0.o
 .debug_info    0x00000065      0x277 ../uart_com_bsp/\libhal_bsp.a(alt_load.o)
 .debug_info    0x000002dc      0x20f ../uart_com_bsp/\libhal_bsp.a(alt_main.o)
 .debug_info    0x000004eb      0x70c ../uart_com_bsp/\libhal_bsp.a(alt_sys_init.o)
 .debug_info    0x00000bf7      0x7c3 ../uart_com_bsp/\libhal_bsp.a(altera_avalon_jtag_uart_fd.o)
 .debug_info    0x000013ba      0x5eb ../uart_com_bsp/\libhal_bsp.a(altera_avalon_jtag_uart_init.o)
 .debug_info    0x000019a5      0x42d ../uart_com_bsp/\libhal_bsp.a(altera_avalon_jtag_uart_ioctl.o)
 .debug_info    0x00001dd2      0x530 ../uart_com_bsp/\libhal_bsp.a(altera_avalon_jtag_uart_read.o)
 .debug_info    0x00002302      0x528 ../uart_com_bsp/\libhal_bsp.a(altera_avalon_jtag_uart_write.o)
 .debug_info    0x0000282a      0x375 ../uart_com_bsp/\libhal_bsp.a(altera_avalon_timer_sc.o)
 .debug_info    0x00002b9f      0x42c ../uart_com_bsp/\libhal_bsp.a(alt_alarm_start.o)
 .debug_info    0x00002fcb      0x451 ../uart_com_bsp/\libhal_bsp.a(alt_close.o)
 .debug_info    0x0000341c      0x159 ../uart_com_bsp/\libhal_bsp.a(alt_dcache_flush_all.o)
 .debug_info    0x00003575      0x669 ../uart_com_bsp/\libhal_bsp.a(alt_dev.o)
 .debug_info    0x00003bde      0x2a1 ../uart_com_bsp/\libhal_bsp.a(alt_dev_llist_insert.o)
 .debug_info    0x00003e7f       0xf9 ../uart_com_bsp/\libhal_bsp.a(alt_do_ctors.o)
 .debug_info    0x00003f78       0xf8 ../uart_com_bsp/\libhal_bsp.a(alt_do_dtors.o)
 .debug_info    0x00004070      0x14e ../uart_com_bsp/\libhal_bsp.a(alt_errno.o)
 .debug_info    0x000041be      0x146 ../uart_com_bsp/\libhal_bsp.a(alt_icache_flush_all.o)
 .debug_info    0x00004304      0x47d ../uart_com_bsp/\libhal_bsp.a(alt_iic.o)
 .debug_info    0x00004781      0x2fe ../uart_com_bsp/\libhal_bsp.a(alt_iic_isr_register.o)
 .debug_info    0x00004a7f      0x67f ../uart_com_bsp/\libhal_bsp.a(alt_io_redirect.o)
 .debug_info    0x000050fe       0x6e ../uart_com_bsp/\libhal_bsp.a(alt_irq_entry.o)
 .debug_info    0x0000516c      0x25f ../uart_com_bsp/\libhal_bsp.a(alt_irq_handler.o)
 .debug_info    0x000053cb      0x151 ../uart_com_bsp/\libhal_bsp.a(alt_irq_vars.o)
 .debug_info    0x0000551c      0x50f ../uart_com_bsp/\libhal_bsp.a(alt_open.o)
 .debug_info    0x00005a2b      0x3dc ../uart_com_bsp/\libhal_bsp.a(alt_release_fd.o)
 .debug_info    0x00005e07      0x3e8 ../uart_com_bsp/\libhal_bsp.a(alt_tick.o)
 .debug_info    0x000061ef      0x143 ../uart_com_bsp/\libhal_bsp.a(altera_nios2_irq.o)
 .debug_info    0x00006332       0x74 ../uart_com_bsp/\libhal_bsp.a(alt_exception_entry.o)
 .debug_info    0x000063a6      0x402 ../uart_com_bsp/\libhal_bsp.a(alt_find_dev.o)
 .debug_info    0x000067a8      0x409 ../uart_com_bsp/\libhal_bsp.a(alt_find_file.o)
 .debug_info    0x00006bb1      0x44a ../uart_com_bsp/\libhal_bsp.a(alt_get_fd.o)
 .debug_info    0x00006ffb      0x18e ../uart_com_bsp/\libhal_bsp.a(alt_icache_flush.o)
 .debug_info    0x00007189      0x181 c:/altera/11.0sp1/nios2eds/bin/gnu/h-i686-mingw32/bin/../lib/gcc/nios2-elf/4.1.2/../../../../nios2-elf/lib\libc.a(lib_a-atexit.o)
 .debug_info    0x0000730a      0x93f c:/altera/11.0sp1/nios2eds/bin/gnu/h-i686-mingw32/bin/../lib/gcc/nios2-elf/4.1.2/../../../../nios2-elf/lib\libc.a(lib_a-exit.o)
 .debug_info    0x00007c49      0x93d c:/altera/11.0sp1/nios2eds/bin/gnu/h-i686-mingw32/bin/../lib/gcc/nios2-elf/4.1.2/../../../../nios2-elf/lib\libc.a(lib_a-impure.o)
 .debug_info    0x00008586       0x8c c:/altera/11.0sp1/nios2eds/bin/gnu/h-i686-mingw32/bin/../lib/gcc/nios2-elf/4.1.2/../../../../nios2-elf/lib\libc.a(lib_a-int_errno.o)
 .debug_info    0x00008612      0x115 c:/altera/11.0sp1/nios2eds/bin/gnu/h-i686-mingw32/bin/../lib/gcc/nios2-elf/4.1.2/../../../../nios2-elf/lib\libc.a(lib_a-memcmp.o)
 .debug_info    0x00008727      0x106 c:/altera/11.0sp1/nios2eds/bin/gnu/h-i686-mingw32/bin/../lib/gcc/nios2-elf/4.1.2/../../../../nios2-elf/lib\libc.a(lib_a-memcpy.o)
 .debug_info    0x0000882d       0xdb c:/altera/11.0sp1/nios2eds/bin/gnu/h-i686-mingw32/bin/../lib/gcc/nios2-elf/4.1.2/../../../../nios2-elf/lib\libc.a(lib_a-strlen.o)
 .debug_info    0x00008908      0x99c c:/altera/11.0sp1/nios2eds/bin/gnu/h-i686-mingw32/bin/../lib/gcc/nios2-elf/4.1.2/../../../../nios2-elf/lib\libc.a(lib_a-__atexit.o)
 .debug_info    0x000092a4      0x9e2 c:/altera/11.0sp1/nios2eds/bin/gnu/h-i686-mingw32/bin/../lib/gcc/nios2-elf/4.1.2/../../../../nios2-elf/lib\libc.a(lib_a-__call_atexit.o)
 .debug_info    0x00009c86      0x177 ../uart_com_bsp/\libhal_bsp.a(alt_exit.o)

.debug_abbrev   0x00000000     0x2521
 *(.debug_abbrev)
 .debug_abbrev  0x00000000       0x12 ../uart_com_bsp//obj/HAL/src/crt0.o
 .debug_abbrev  0x00000012       0x88 ../uart_com_bsp/\libhal_bsp.a(alt_load.o)
 .debug_abbrev  0x0000009a       0xb7 ../uart_com_bsp/\libhal_bsp.a(alt_main.o)
 .debug_abbrev  0x00000151      0x142 ../uart_com_bsp/\libhal_bsp.a(alt_sys_init.o)
 .debug_abbrev  0x00000293       0xf7 ../uart_com_bsp/\libhal_bsp.a(altera_avalon_jtag_uart_fd.o)
 .debug_abbrev  0x0000038a      0x17c ../uart_com_bsp/\libhal_bsp.a(altera_avalon_jtag_uart_init.o)
 .debug_abbrev  0x00000506       0xf0 ../uart_com_bsp/\libhal_bsp.a(altera_avalon_jtag_uart_ioctl.o)
 .debug_abbrev  0x000005f6      0x191 ../uart_com_bsp/\libhal_bsp.a(altera_avalon_jtag_uart_read.o)
 .debug_abbrev  0x00000787      0x18d ../uart_com_bsp/\libhal_bsp.a(altera_avalon_jtag_uart_write.o)
 .debug_abbrev  0x00000914      0x137 ../uart_com_bsp/\libhal_bsp.a(altera_avalon_timer_sc.o)
 .debug_abbrev  0x00000a4b      0x172 ../uart_com_bsp/\libhal_bsp.a(alt_alarm_start.o)
 .debug_abbrev  0x00000bbd       0xfb ../uart_com_bsp/\libhal_bsp.a(alt_close.o)
 .debug_abbrev  0x00000cb8       0x57 ../uart_com_bsp/\libhal_bsp.a(alt_dcache_flush_all.o)
 .debug_abbrev  0x00000d0f       0xc7 ../uart_com_bsp/\libhal_bsp.a(alt_dev.o)
 .debug_abbrev  0x00000dd6       0xf6 ../uart_com_bsp/\libhal_bsp.a(alt_dev_llist_insert.o)
 .debug_abbrev  0x00000ecc       0x76 ../uart_com_bsp/\libhal_bsp.a(alt_do_ctors.o)
 .debug_abbrev  0x00000f42       0x76 ../uart_com_bsp/\libhal_bsp.a(alt_do_dtors.o)
 .debug_abbrev  0x00000fb8       0x5e ../uart_com_bsp/\libhal_bsp.a(alt_errno.o)
 .debug_abbrev  0x00001016       0x3f ../uart_com_bsp/\libhal_bsp.a(alt_icache_flush_all.o)
 .debug_abbrev  0x00001055      0x134 ../uart_com_bsp/\libhal_bsp.a(alt_iic.o)
 .debug_abbrev  0x00001189      0x14e ../uart_com_bsp/\libhal_bsp.a(alt_iic_isr_register.o)
 .debug_abbrev  0x000012d7       0xf0 ../uart_com_bsp/\libhal_bsp.a(alt_io_redirect.o)
 .debug_abbrev  0x000013c7       0x12 ../uart_com_bsp/\libhal_bsp.a(alt_irq_entry.o)
 .debug_abbrev  0x000013d9      0x10c ../uart_com_bsp/\libhal_bsp.a(alt_irq_handler.o)
 .debug_abbrev  0x000014e5       0x44 ../uart_com_bsp/\libhal_bsp.a(alt_irq_vars.o)
 .debug_abbrev  0x00001529      0x112 ../uart_com_bsp/\libhal_bsp.a(alt_open.o)
 .debug_abbrev  0x0000163b       0xc1 ../uart_com_bsp/\libhal_bsp.a(alt_release_fd.o)
 .debug_abbrev  0x000016fc      0x150 ../uart_com_bsp/\libhal_bsp.a(alt_tick.o)
 .debug_abbrev  0x0000184c       0x3f ../uart_com_bsp/\libhal_bsp.a(altera_nios2_irq.o)
 .debug_abbrev  0x0000188b       0x12 ../uart_com_bsp/\libhal_bsp.a(alt_exception_entry.o)
 .debug_abbrev  0x0000189d       0xcf ../uart_com_bsp/\libhal_bsp.a(alt_find_dev.o)
 .debug_abbrev  0x0000196c       0xcf ../uart_com_bsp/\libhal_bsp.a(alt_find_file.o)
 .debug_abbrev  0x00001a3b       0xfb ../uart_com_bsp/\libhal_bsp.a(alt_get_fd.o)
 .debug_abbrev  0x00001b36       0x7a ../uart_com_bsp/\libhal_bsp.a(alt_icache_flush.o)
 .debug_abbrev  0x00001bb0       0xb7 c:/altera/11.0sp1/nios2eds/bin/gnu/h-i686-mingw32/bin/../lib/gcc/nios2-elf/4.1.2/../../../../nios2-elf/lib\libc.a(lib_a-atexit.o)
 .debug_abbrev  0x00001c67      0x16e c:/altera/11.0sp1/nios2eds/bin/gnu/h-i686-mingw32/bin/../lib/gcc/nios2-elf/4.1.2/../../../../nios2-elf/lib\libc.a(lib_a-exit.o)
 .debug_abbrev  0x00001dd5      0x157 c:/altera/11.0sp1/nios2eds/bin/gnu/h-i686-mingw32/bin/../lib/gcc/nios2-elf/4.1.2/../../../../nios2-elf/lib\libc.a(lib_a-impure.o)
 .debug_abbrev  0x00001f2c       0x3b c:/altera/11.0sp1/nios2eds/bin/gnu/h-i686-mingw32/bin/../lib/gcc/nios2-elf/4.1.2/../../../../nios2-elf/lib\libc.a(lib_a-int_errno.o)
 .debug_abbrev  0x00001f67       0x7c c:/altera/11.0sp1/nios2eds/bin/gnu/h-i686-mingw32/bin/../lib/gcc/nios2-elf/4.1.2/../../../../nios2-elf/lib\libc.a(lib_a-memcmp.o)
 .debug_abbrev  0x00001fe3       0xb5 c:/altera/11.0sp1/nios2eds/bin/gnu/h-i686-mingw32/bin/../lib/gcc/nios2-elf/4.1.2/../../../../nios2-elf/lib\libc.a(lib_a-memcpy.o)
 .debug_abbrev  0x00002098       0x8b c:/altera/11.0sp1/nios2eds/bin/gnu/h-i686-mingw32/bin/../lib/gcc/nios2-elf/4.1.2/../../../../nios2-elf/lib\libc.a(lib_a-strlen.o)
 .debug_abbrev  0x00002123      0x1ae c:/altera/11.0sp1/nios2eds/bin/gnu/h-i686-mingw32/bin/../lib/gcc/nios2-elf/4.1.2/../../../../nios2-elf/lib\libc.a(lib_a-__atexit.o)
 .debug_abbrev  0x000022d1      0x1de c:/altera/11.0sp1/nios2eds/bin/gnu/h-i686-mingw32/bin/../lib/gcc/nios2-elf/4.1.2/../../../../nios2-elf/lib\libc.a(lib_a-__call_atexit.o)
 .debug_abbrev  0x000024af       0x72 ../uart_com_bsp/\libhal_bsp.a(alt_exit.o)

.debug_line     0x00000000     0x6218
 *(.debug_line)
 .debug_line    0x00000000       0x72 ../uart_com_bsp//obj/HAL/src/crt0.o
 .debug_line    0x00000072      0x217 ../uart_com_bsp/\libhal_bsp.a(alt_load.o)
 .debug_line    0x00000289      0x2ca ../uart_com_bsp/\libhal_bsp.a(alt_main.o)
 .debug_line    0x00000553      0x2c7 ../uart_com_bsp/\libhal_bsp.a(alt_sys_init.o)
 .debug_line    0x0000081a      0x217 ../uart_com_bsp/\libhal_bsp.a(altera_avalon_jtag_uart_fd.o)
 .debug_line    0x00000a31      0x4ab ../uart_com_bsp/\libhal_bsp.a(altera_avalon_jtag_uart_init.o)
 .debug_line    0x00000edc      0x317 ../uart_com_bsp/\libhal_bsp.a(altera_avalon_jtag_uart_ioctl.o)
 .debug_line    0x000011f3      0x3f7 ../uart_com_bsp/\libhal_bsp.a(altera_avalon_jtag_uart_read.o)
 .debug_line    0x000015ea      0x405 ../uart_com_bsp/\libhal_bsp.a(altera_avalon_jtag_uart_write.o)
 .debug_line    0x000019ef      0x2b3 ../uart_com_bsp/\libhal_bsp.a(altera_avalon_timer_sc.o)
 .debug_line    0x00001ca2      0x2dc ../uart_com_bsp/\libhal_bsp.a(alt_alarm_start.o)
 .debug_line    0x00001f7e      0x299 ../uart_com_bsp/\libhal_bsp.a(alt_close.o)
 .debug_line    0x00002217      0x1cd ../uart_com_bsp/\libhal_bsp.a(alt_dcache_flush_all.o)
 .debug_line    0x000023e4      0x254 ../uart_com_bsp/\libhal_bsp.a(alt_dev.o)
 .debug_line    0x00002638      0x25a ../uart_com_bsp/\libhal_bsp.a(alt_dev_llist_insert.o)
 .debug_line    0x00002892       0x83 ../uart_com_bsp/\libhal_bsp.a(alt_do_ctors.o)
 .debug_line    0x00002915       0x83 ../uart_com_bsp/\libhal_bsp.a(alt_do_dtors.o)
 .debug_line    0x00002998      0x1aa ../uart_com_bsp/\libhal_bsp.a(alt_errno.o)
 .debug_line    0x00002b42      0x1bd ../uart_com_bsp/\libhal_bsp.a(alt_icache_flush_all.o)
 .debug_line    0x00002cff      0x2c8 ../uart_com_bsp/\libhal_bsp.a(alt_iic.o)
 .debug_line    0x00002fc7      0x249 ../uart_com_bsp/\libhal_bsp.a(alt_iic_isr_register.o)
 .debug_line    0x00003210      0x2b4 ../uart_com_bsp/\libhal_bsp.a(alt_io_redirect.o)
 .debug_line    0x000034c4       0x6b ../uart_com_bsp/\libhal_bsp.a(alt_irq_entry.o)
 .debug_line    0x0000352f      0x248 ../uart_com_bsp/\libhal_bsp.a(alt_irq_handler.o)
 .debug_line    0x00003777       0x72 ../uart_com_bsp/\libhal_bsp.a(alt_irq_vars.o)
 .debug_line    0x000037e9      0x2ff ../uart_com_bsp/\libhal_bsp.a(alt_open.o)
 .debug_line    0x00003ae8       0xed ../uart_com_bsp/\libhal_bsp.a(alt_release_fd.o)
 .debug_line    0x00003bd5      0x2dc ../uart_com_bsp/\libhal_bsp.a(alt_tick.o)
 .debug_line    0x00003eb1      0x1c9 ../uart_com_bsp/\libhal_bsp.a(altera_nios2_irq.o)
 .debug_line    0x0000407a       0xab ../uart_com_bsp/\libhal_bsp.a(alt_exception_entry.o)
 .debug_line    0x00004125      0x26b ../uart_com_bsp/\libhal_bsp.a(alt_find_dev.o)
 .debug_line    0x00004390      0x27c ../uart_com_bsp/\libhal_bsp.a(alt_find_file.o)
 .debug_line    0x0000460c      0x297 ../uart_com_bsp/\libhal_bsp.a(alt_get_fd.o)
 .debug_line    0x000048a3      0x1f9 ../uart_com_bsp/\libhal_bsp.a(alt_icache_flush.o)
 .debug_line    0x00004a9c      0x200 c:/altera/11.0sp1/nios2eds/bin/gnu/h-i686-mingw32/bin/../lib/gcc/nios2-elf/4.1.2/../../../../nios2-elf/lib\libc.a(lib_a-atexit.o)
 .debug_line    0x00004c9c      0x238 c:/altera/11.0sp1/nios2eds/bin/gnu/h-i686-mingw32/bin/../lib/gcc/nios2-elf/4.1.2/../../../../nios2-elf/lib\libc.a(lib_a-exit.o)
 .debug_line    0x00004ed4      0x22d c:/altera/11.0sp1/nios2eds/bin/gnu/h-i686-mingw32/bin/../lib/gcc/nios2-elf/4.1.2/../../../../nios2-elf/lib\libc.a(lib_a-impure.o)
 .debug_line    0x00005101      0x1df c:/altera/11.0sp1/nios2eds/bin/gnu/h-i686-mingw32/bin/../lib/gcc/nios2-elf/4.1.2/../../../../nios2-elf/lib\libc.a(lib_a-int_errno.o)
 .debug_line    0x000052e0      0x29f c:/altera/11.0sp1/nios2eds/bin/gnu/h-i686-mingw32/bin/../lib/gcc/nios2-elf/4.1.2/../../../../nios2-elf/lib\libc.a(lib_a-memcmp.o)
 .debug_line    0x0000557f      0x1ac c:/altera/11.0sp1/nios2eds/bin/gnu/h-i686-mingw32/bin/../lib/gcc/nios2-elf/4.1.2/../../../../nios2-elf/lib\libc.a(lib_a-memcpy.o)
 .debug_line    0x0000572b      0x26d c:/altera/11.0sp1/nios2eds/bin/gnu/h-i686-mingw32/bin/../lib/gcc/nios2-elf/4.1.2/../../../../nios2-elf/lib\libc.a(lib_a-strlen.o)
 .debug_line    0x00005998      0x313 c:/altera/11.0sp1/nios2eds/bin/gnu/h-i686-mingw32/bin/../lib/gcc/nios2-elf/4.1.2/../../../../nios2-elf/lib\libc.a(lib_a-__atexit.o)
 .debug_line    0x00005cab      0x367 c:/altera/11.0sp1/nios2eds/bin/gnu/h-i686-mingw32/bin/../lib/gcc/nios2-elf/4.1.2/../../../../nios2-elf/lib\libc.a(lib_a-__call_atexit.o)
 .debug_line    0x00006012      0x206 ../uart_com_bsp/\libhal_bsp.a(alt_exit.o)

.debug_frame    0x00000000      0x880
 *(.debug_frame)
 .debug_frame   0x00000000       0x48 ../uart_com_bsp/\libhal_bsp.a(alt_load.o)
 .debug_frame   0x00000048       0x2c ../uart_com_bsp/\libhal_bsp.a(alt_main.o)
 .debug_frame   0x00000074       0x64 ../uart_com_bsp/\libhal_bsp.a(alt_sys_init.o)
 .debug_frame   0x000000d8       0x80 ../uart_com_bsp/\libhal_bsp.a(altera_avalon_jtag_uart_fd.o)
 .debug_frame   0x00000158       0x80 ../uart_com_bsp/\libhal_bsp.a(altera_avalon_jtag_uart_init.o)
 .debug_frame   0x000001d8       0x2c ../uart_com_bsp/\libhal_bsp.a(altera_avalon_jtag_uart_ioctl.o)
 .debug_frame   0x00000204       0x2c ../uart_com_bsp/\libhal_bsp.a(altera_avalon_jtag_uart_read.o)
 .debug_frame   0x00000230       0x2c ../uart_com_bsp/\libhal_bsp.a(altera_avalon_jtag_uart_write.o)
 .debug_frame   0x0000025c       0x48 ../uart_com_bsp/\libhal_bsp.a(altera_avalon_timer_sc.o)
 .debug_frame   0x000002a4       0x2c ../uart_com_bsp/\libhal_bsp.a(alt_alarm_start.o)
 .debug_frame   0x000002d0       0x48 ../uart_com_bsp/\libhal_bsp.a(alt_close.o)
 .debug_frame   0x00000318       0x2c ../uart_com_bsp/\libhal_bsp.a(alt_dcache_flush_all.o)
 .debug_frame   0x00000344       0x2c ../uart_com_bsp/\libhal_bsp.a(alt_dev.o)
 .debug_frame   0x00000370       0x48 ../uart_com_bsp/\libhal_bsp.a(alt_dev_llist_insert.o)
 .debug_frame   0x000003b8       0x2c ../uart_com_bsp/\libhal_bsp.a(alt_do_ctors.o)
 .debug_frame   0x000003e4       0x2c ../uart_com_bsp/\libhal_bsp.a(alt_do_dtors.o)
 .debug_frame   0x00000410       0x2c ../uart_com_bsp/\libhal_bsp.a(alt_icache_flush_all.o)
 .debug_frame   0x0000043c       0x80 ../uart_com_bsp/\libhal_bsp.a(alt_iic.o)
 .debug_frame   0x000004bc       0x2c ../uart_com_bsp/\libhal_bsp.a(alt_iic_isr_register.o)
 .debug_frame   0x000004e8       0x48 ../uart_com_bsp/\libhal_bsp.a(alt_io_redirect.o)
 .debug_frame   0x00000530       0x2c ../uart_com_bsp/\libhal_bsp.a(alt_irq_handler.o)
 .debug_frame   0x0000055c       0x64 ../uart_com_bsp/\libhal_bsp.a(alt_open.o)
 .debug_frame   0x000005c0       0x2c ../uart_com_bsp/\libhal_bsp.a(alt_release_fd.o)
 .debug_frame   0x000005ec       0x48 ../uart_com_bsp/\libhal_bsp.a(alt_tick.o)
 .debug_frame   0x00000634       0x2c ../uart_com_bsp/\libhal_bsp.a(altera_nios2_irq.o)
 .debug_frame   0x00000660       0x2c ../uart_com_bsp/\libhal_bsp.a(alt_find_dev.o)
 .debug_frame   0x0000068c       0x2c ../uart_com_bsp/\libhal_bsp.a(alt_find_file.o)
 .debug_frame   0x000006b8       0x2c ../uart_com_bsp/\libhal_bsp.a(alt_get_fd.o)
 .debug_frame   0x000006e4       0x2c ../uart_com_bsp/\libhal_bsp.a(alt_icache_flush.o)
 .debug_frame   0x00000710       0x20 c:/altera/11.0sp1/nios2eds/bin/gnu/h-i686-mingw32/bin/../lib/gcc/nios2-elf/4.1.2/../../../../nios2-elf/lib\libc.a(lib_a-atexit.o)
 .debug_frame   0x00000730       0x28 c:/altera/11.0sp1/nios2eds/bin/gnu/h-i686-mingw32/bin/../lib/gcc/nios2-elf/4.1.2/../../../../nios2-elf/lib\libc.a(lib_a-exit.o)
 .debug_frame   0x00000758       0x20 c:/altera/11.0sp1/nios2eds/bin/gnu/h-i686-mingw32/bin/../lib/gcc/nios2-elf/4.1.2/../../../../nios2-elf/lib\libc.a(lib_a-memcmp.o)
 .debug_frame   0x00000778       0x20 c:/altera/11.0sp1/nios2eds/bin/gnu/h-i686-mingw32/bin/../lib/gcc/nios2-elf/4.1.2/../../../../nios2-elf/lib\libc.a(lib_a-memcpy.o)
 .debug_frame   0x00000798       0x20 c:/altera/11.0sp1/nios2eds/bin/gnu/h-i686-mingw32/bin/../lib/gcc/nios2-elf/4.1.2/../../../../nios2-elf/lib\libc.a(lib_a-strlen.o)
 .debug_frame   0x000007b8       0x34 c:/altera/11.0sp1/nios2eds/bin/gnu/h-i686-mingw32/bin/../lib/gcc/nios2-elf/4.1.2/../../../../nios2-elf/lib\libc.a(lib_a-__atexit.o)
 .debug_frame   0x000007ec       0x4c c:/altera/11.0sp1/nios2eds/bin/gnu/h-i686-mingw32/bin/../lib/gcc/nios2-elf/4.1.2/../../../../nios2-elf/lib\libc.a(lib_a-__call_atexit.o)
 .debug_frame   0x00000838       0x48 ../uart_com_bsp/\libhal_bsp.a(alt_exit.o)

.debug_str      0x00000000      0xaaa
 *(.debug_str)
 .debug_str     0x00000000       0x12 ../uart_com_bsp/\libhal_bsp.a(alt_load.o)
 .debug_str     0x00000012       0x12 ../uart_com_bsp/\libhal_bsp.a(alt_main.o)
 .debug_str     0x00000024       0x12 ../uart_com_bsp/\libhal_bsp.a(alt_sys_init.o)
 .debug_str     0x00000036       0x12 ../uart_com_bsp/\libhal_bsp.a(altera_avalon_jtag_uart_fd.o)
 .debug_str     0x00000048       0x1a ../uart_com_bsp/\libhal_bsp.a(altera_avalon_jtag_uart_init.o)
 .debug_str     0x00000062       0x12 ../uart_com_bsp/\libhal_bsp.a(altera_avalon_jtag_uart_ioctl.o)
 .debug_str     0x00000074       0x1a ../uart_com_bsp/\libhal_bsp.a(altera_avalon_jtag_uart_read.o)
 .debug_str     0x0000008e       0x1a ../uart_com_bsp/\libhal_bsp.a(altera_avalon_jtag_uart_write.o)
 .debug_str     0x000000a8       0x12 ../uart_com_bsp/\libhal_bsp.a(altera_avalon_timer_sc.o)
 .debug_str     0x000000ba       0x23 ../uart_com_bsp/\libhal_bsp.a(alt_alarm_start.o)
 .debug_str     0x000000dd       0x12 ../uart_com_bsp/\libhal_bsp.a(alt_close.o)
 .debug_str     0x000000ef       0x12 ../uart_com_bsp/\libhal_bsp.a(alt_dcache_flush_all.o)
 .debug_str     0x00000101       0x12 ../uart_com_bsp/\libhal_bsp.a(alt_dev.o)
 .debug_str     0x00000113       0x12 ../uart_com_bsp/\libhal_bsp.a(alt_dev_llist_insert.o)
 .debug_str     0x00000125       0x12 ../uart_com_bsp/\libhal_bsp.a(alt_errno.o)
 .debug_str     0x00000137       0x12 ../uart_com_bsp/\libhal_bsp.a(alt_icache_flush_all.o)
 .debug_str     0x00000149       0x18 ../uart_com_bsp/\libhal_bsp.a(alt_iic.o)
 .debug_str     0x00000161       0x1a ../uart_com_bsp/\libhal_bsp.a(alt_iic_isr_register.o)
 .debug_str     0x0000017b       0x12 ../uart_com_bsp/\libhal_bsp.a(alt_io_redirect.o)
 .debug_str     0x0000018d       0x12 ../uart_com_bsp/\libhal_bsp.a(alt_irq_handler.o)
 .debug_str     0x0000019f       0x12 ../uart_com_bsp/\libhal_bsp.a(alt_open.o)
 .debug_str     0x000001b1       0x1a ../uart_com_bsp/\libhal_bsp.a(alt_tick.o)
 .debug_str     0x000001cb       0x12 ../uart_com_bsp/\libhal_bsp.a(altera_nios2_irq.o)
 .debug_str     0x000001dd       0x12 ../uart_com_bsp/\libhal_bsp.a(alt_find_dev.o)
 .debug_str     0x000001ef       0x12 ../uart_com_bsp/\libhal_bsp.a(alt_find_file.o)
 .debug_str     0x00000201       0x12 ../uart_com_bsp/\libhal_bsp.a(alt_get_fd.o)
 .debug_str     0x00000213       0x12 ../uart_com_bsp/\libhal_bsp.a(alt_icache_flush.o)
 .debug_str     0x00000225      0x179 c:/altera/11.0sp1/nios2eds/bin/gnu/h-i686-mingw32/bin/../lib/gcc/nios2-elf/4.1.2/../../../../nios2-elf/lib\libc.a(lib_a-atexit.o)
                                0x1bf (size before relaxing)
 .debug_str     0x0000039e      0x384 c:/altera/11.0sp1/nios2eds/bin/gnu/h-i686-mingw32/bin/../lib/gcc/nios2-elf/4.1.2/../../../../nios2-elf/lib\libc.a(lib_a-exit.o)
                                0x50c (size before relaxing)
 .debug_str     0x00000722       0xd1 c:/altera/11.0sp1/nios2eds/bin/gnu/h-i686-mingw32/bin/../lib/gcc/nios2-elf/4.1.2/../../../../nios2-elf/lib\libc.a(lib_a-impure.o)
                                0x51a (size before relaxing)
 .debug_str     0x000007f3       0x3d c:/altera/11.0sp1/nios2eds/bin/gnu/h-i686-mingw32/bin/../lib/gcc/nios2-elf/4.1.2/../../../../nios2-elf/lib\libc.a(lib_a-int_errno.o)
                                0x163 (size before relaxing)
 .debug_str     0x00000830       0xd5 c:/altera/11.0sp1/nios2eds/bin/gnu/h-i686-mingw32/bin/../lib/gcc/nios2-elf/4.1.2/../../../../nios2-elf/lib\libc.a(lib_a-memcmp.o)
                                0x16a (size before relaxing)
 .debug_str     0x00000905       0x69 c:/altera/11.0sp1/nios2eds/bin/gnu/h-i686-mingw32/bin/../lib/gcc/nios2-elf/4.1.2/../../../../nios2-elf/lib\libc.a(lib_a-memcpy.o)
                                0x128 (size before relaxing)
 .debug_str     0x0000096e       0x4f c:/altera/11.0sp1/nios2eds/bin/gnu/h-i686-mingw32/bin/../lib/gcc/nios2-elf/4.1.2/../../../../nios2-elf/lib\libc.a(lib_a-strlen.o)
                                0x17d (size before relaxing)
 .debug_str     0x000009bd       0x56 c:/altera/11.0sp1/nios2eds/bin/gnu/h-i686-mingw32/bin/../lib/gcc/nios2-elf/4.1.2/../../../../nios2-elf/lib\libc.a(lib_a-__atexit.o)
                                0x524 (size before relaxing)
 .debug_str     0x00000a13       0x7b c:/altera/11.0sp1/nios2eds/bin/gnu/h-i686-mingw32/bin/../lib/gcc/nios2-elf/4.1.2/../../../../nios2-elf/lib\libc.a(lib_a-__call_atexit.o)
                                0x54e (size before relaxing)
 .debug_str     0x00000a8e       0x1c ../uart_com_bsp/\libhal_bsp.a(alt_exit.o)

.debug_loc      0x00000000      0xdc6
 *(.debug_loc)
 .debug_loc     0x00000000       0x56 ../uart_com_bsp/\libhal_bsp.a(alt_load.o)
 .debug_loc     0x00000056       0x2b ../uart_com_bsp/\libhal_bsp.a(alt_main.o)
 .debug_loc     0x00000081       0x81 ../uart_com_bsp/\libhal_bsp.a(alt_sys_init.o)
 .debug_loc     0x00000102       0xac ../uart_com_bsp/\libhal_bsp.a(altera_avalon_jtag_uart_fd.o)
 .debug_loc     0x000001ae       0xac ../uart_com_bsp/\libhal_bsp.a(altera_avalon_jtag_uart_init.o)
 .debug_loc     0x0000025a       0x2b ../uart_com_bsp/\libhal_bsp.a(altera_avalon_jtag_uart_ioctl.o)
 .debug_loc     0x00000285       0x2b ../uart_com_bsp/\libhal_bsp.a(altera_avalon_jtag_uart_read.o)
 .debug_loc     0x000002b0       0x2b ../uart_com_bsp/\libhal_bsp.a(altera_avalon_jtag_uart_write.o)
 .debug_loc     0x000002db       0x56 ../uart_com_bsp/\libhal_bsp.a(altera_avalon_timer_sc.o)
 .debug_loc     0x00000331       0x2b ../uart_com_bsp/\libhal_bsp.a(alt_alarm_start.o)
 .debug_loc     0x0000035c       0x56 ../uart_com_bsp/\libhal_bsp.a(alt_close.o)
 .debug_loc     0x000003b2       0x2b ../uart_com_bsp/\libhal_bsp.a(alt_dcache_flush_all.o)
 .debug_loc     0x000003dd       0x2b ../uart_com_bsp/\libhal_bsp.a(alt_dev.o)
 .debug_loc     0x00000408       0x56 ../uart_com_bsp/\libhal_bsp.a(alt_dev_llist_insert.o)
 .debug_loc     0x0000045e       0x2b ../uart_com_bsp/\libhal_bsp.a(alt_do_ctors.o)
 .debug_loc     0x00000489       0x2b ../uart_com_bsp/\libhal_bsp.a(alt_do_dtors.o)
 .debug_loc     0x000004b4       0x2b ../uart_com_bsp/\libhal_bsp.a(alt_icache_flush_all.o)
 .debug_loc     0x000004df       0xac ../uart_com_bsp/\libhal_bsp.a(alt_iic.o)
 .debug_loc     0x0000058b       0x2b ../uart_com_bsp/\libhal_bsp.a(alt_iic_isr_register.o)
 .debug_loc     0x000005b6       0x56 ../uart_com_bsp/\libhal_bsp.a(alt_io_redirect.o)
 .debug_loc     0x0000060c       0x2b ../uart_com_bsp/\libhal_bsp.a(alt_irq_handler.o)
 .debug_loc     0x00000637       0x81 ../uart_com_bsp/\libhal_bsp.a(alt_open.o)
 .debug_loc     0x000006b8       0x2b ../uart_com_bsp/\libhal_bsp.a(alt_release_fd.o)
 .debug_loc     0x000006e3       0x56 ../uart_com_bsp/\libhal_bsp.a(alt_tick.o)
 .debug_loc     0x00000739       0x2b ../uart_com_bsp/\libhal_bsp.a(altera_nios2_irq.o)
 .debug_loc     0x00000764       0x2b ../uart_com_bsp/\libhal_bsp.a(alt_find_dev.o)
 .debug_loc     0x0000078f       0x2b ../uart_com_bsp/\libhal_bsp.a(alt_find_file.o)
 .debug_loc     0x000007ba       0x2b ../uart_com_bsp/\libhal_bsp.a(alt_get_fd.o)
 .debug_loc     0x000007e5       0x2b ../uart_com_bsp/\libhal_bsp.a(alt_icache_flush.o)
 .debug_loc     0x00000810       0x1e c:/altera/11.0sp1/nios2eds/bin/gnu/h-i686-mingw32/bin/../lib/gcc/nios2-elf/4.1.2/../../../../nios2-elf/lib\libc.a(lib_a-atexit.o)
 .debug_loc     0x0000082e       0x3d c:/altera/11.0sp1/nios2eds/bin/gnu/h-i686-mingw32/bin/../lib/gcc/nios2-elf/4.1.2/../../../../nios2-elf/lib\libc.a(lib_a-exit.o)
 .debug_loc     0x0000086b      0x114 c:/altera/11.0sp1/nios2eds/bin/gnu/h-i686-mingw32/bin/../lib/gcc/nios2-elf/4.1.2/../../../../nios2-elf/lib\libc.a(lib_a-memcmp.o)
 .debug_loc     0x0000097f       0xca c:/altera/11.0sp1/nios2eds/bin/gnu/h-i686-mingw32/bin/../lib/gcc/nios2-elf/4.1.2/../../../../nios2-elf/lib\libc.a(lib_a-memcpy.o)
 .debug_loc     0x00000a49       0x3c c:/altera/11.0sp1/nios2eds/bin/gnu/h-i686-mingw32/bin/../lib/gcc/nios2-elf/4.1.2/../../../../nios2-elf/lib\libc.a(lib_a-strlen.o)
 .debug_loc     0x00000a85      0x120 c:/altera/11.0sp1/nios2eds/bin/gnu/h-i686-mingw32/bin/../lib/gcc/nios2-elf/4.1.2/../../../../nios2-elf/lib\libc.a(lib_a-__atexit.o)
 .debug_loc     0x00000ba5      0x1cb c:/altera/11.0sp1/nios2eds/bin/gnu/h-i686-mingw32/bin/../lib/gcc/nios2-elf/4.1.2/../../../../nios2-elf/lib\libc.a(lib_a-__call_atexit.o)
 .debug_loc     0x00000d70       0x56 ../uart_com_bsp/\libhal_bsp.a(alt_exit.o)

.debug_macinfo
 *(.debug_macinfo)

.debug_weaknames
 *(.debug_weaknames)

.debug_funcnames
 *(.debug_funcnames)

.debug_typenames
 *(.debug_typenames)

.debug_varnames
 *(.debug_varnames)

.debug_alt_sim_info
                0x00000000       0x30
 *(.debug_alt_sim_info)
 .debug_alt_sim_info
                0x00000000       0x30 ../uart_com_bsp//obj/HAL/src/crt0.o
                0x0001a000                __alt_data_end = 0x1a000
                0x0001a000                PROVIDE (__alt_stack_pointer, __alt_data_end)
                0x00015554                PROVIDE (__alt_stack_limit, __alt_stack_base)
                0x00015554                PROVIDE (__alt_heap_start, end)
                0x0001a000                PROVIDE (__alt_heap_limit, 0x1a000)
OUTPUT(uart_com.elf elf32-littlenios2)

.debug_ranges   0x00000000       0x90
 .debug_ranges  0x00000000       0x20 ../uart_com_bsp//obj/HAL/src/crt0.o
 .debug_ranges  0x00000020       0x28 ../uart_com_bsp/\libhal_bsp.a(alt_irq_entry.o)
 .debug_ranges  0x00000048       0x30 ../uart_com_bsp/\libhal_bsp.a(alt_exception_entry.o)
 .debug_ranges  0x00000078       0x18 c:/altera/11.0sp1/nios2eds/bin/gnu/h-i686-mingw32/bin/../lib/gcc/nios2-elf/4.1.2/../../../../nios2-elf/lib\libc.a(lib_a-__call_atexit.o)
