Archive member included because of file (symbol)

c:/altera/11.0sp1/nios2eds/bin/gnu/h-i686-mingw32/bin/../lib/gcc/nios2-elf/4.1.2\libgcc.a(lib2-divmod.o)
                              obj/main.o (__divsi3)
../uart_final_bsp/\libhal_bsp.a(alt_load.o)
                              ../uart_final_bsp//obj/HAL/src/crt0.o (alt_load)
../uart_final_bsp/\libhal_bsp.a(alt_main.o)
                              ../uart_final_bsp//obj/HAL/src/crt0.o (alt_main)
../uart_final_bsp/\libhal_bsp.a(alt_printf.o)
                              obj/main.o (alt_printf)
../uart_final_bsp/\libhal_bsp.a(alt_putchar.o)
                              ../uart_final_bsp/\libhal_bsp.a(alt_printf.o) (alt_putchar)
../uart_final_bsp/\libhal_bsp.a(alt_putstr.o)
                              obj/main.o (alt_putstr)
../uart_final_bsp/\libhal_bsp.a(alt_sys_init.o)
                              ../uart_final_bsp/\libhal_bsp.a(alt_main.o) (alt_sys_init)
../uart_final_bsp/\libhal_bsp.a(altera_avalon_jtag_uart_write.o)
                              ../uart_final_bsp/\libhal_bsp.a(alt_putchar.o) (altera_avalon_jtag_uart_write)
../uart_final_bsp/\libhal_bsp.a(altera_avalon_timer_ts.o)
                              obj/main.o (alt_timestamp_freq)
../uart_final_bsp/\libhal_bsp.a(altera_avalon_timer_vars.o)
                              ../uart_final_bsp/\libhal_bsp.a(alt_sys_init.o) (altera_avalon_timer_ts_base)
../uart_final_bsp/\libhal_bsp.a(alt_dcache_flush_all.o)
                              ../uart_final_bsp/\libhal_bsp.a(alt_load.o) (alt_dcache_flush_all)
../uart_final_bsp/\libhal_bsp.a(alt_icache_flush_all.o)
                              ../uart_final_bsp/\libhal_bsp.a(alt_load.o) (alt_icache_flush_all)
../uart_final_bsp/\libhal_bsp.a(altera_nios2_irq.o)
                              ../uart_final_bsp/\libhal_bsp.a(alt_sys_init.o) (altera_nios2_irq_init)
../uart_final_bsp/\libhal_bsp.a(alt_icache_flush.o)
                              ../uart_final_bsp/\libhal_bsp.a(alt_icache_flush_all.o) (alt_icache_flush)
c:/altera/11.0sp1/nios2eds/bin/gnu/h-i686-mingw32/bin/../lib/gcc/nios2-elf/4.1.2/../../../../nios2-elf/lib\libsmallc.a(lib_a-strlen.o)
                              ../uart_final_bsp/\libhal_bsp.a(alt_putstr.o) (strlen)

Memory Configuration

Name             Origin             Length             Attributes
reset            0x00010000         0x00000020
onchip_memory2_0 0x00010020         0x00009fe0
*default*        0x00000000         0xffffffff

Linker script and memory map

LOAD ../uart_final_bsp//obj/HAL/src/crt0.o
                0x0001001c                exit = _exit
LOAD obj/main.o
LOAD c:/altera/11.0sp1/nios2eds/bin/gnu/h-i686-mingw32/bin/../lib/gcc/nios2-elf/4.1.2/../../../../nios2-elf/lib\libstdc++.a
LOAD c:/altera/11.0sp1/nios2eds/bin/gnu/h-i686-mingw32/bin/../lib/gcc/nios2-elf/4.1.2/../../../../nios2-elf/lib\libm.a
LOAD c:/altera/11.0sp1/nios2eds/bin/gnu/h-i686-mingw32/bin/../lib/gcc/nios2-elf/4.1.2\libgcc.a
START GROUP
LOAD c:/altera/11.0sp1/nios2eds/bin/gnu/h-i686-mingw32/bin/../lib/gcc/nios2-elf/4.1.2/../../../../nios2-elf/lib\libsmallc.a
LOAD c:/altera/11.0sp1/nios2eds/bin/gnu/h-i686-mingw32/bin/../lib/gcc/nios2-elf/4.1.2\libgcc.a
LOAD ../uart_final_bsp/\libhal_bsp.a
END GROUP
LOAD c:/altera/11.0sp1/nios2eds/bin/gnu/h-i686-mingw32/bin/../lib/gcc/nios2-elf/4.1.2\libgcc.a
                0x00010000                __alt_mem_onchip_memory2_0 = 0x10000

.entry          0x00010000       0x20
 *(.entry)
 .entry         0x00010000       0x20 ../uart_final_bsp//obj/HAL/src/crt0.o
                0x00010000                __reset
                0x0001001c                _exit

.exceptions     0x00010020        0x0
                0x00010020                PROVIDE (__ram_exceptions_start, ABSOLUTE (.))
                0x00010020                . = ALIGN (0x20)
 *(.irq)
 *(.exceptions.entry.label)
 *(.exceptions.entry.user)
 *(.exceptions.entry)
 *(.exceptions.irqtest.user)
 *(.exceptions.irqtest)
 *(.exceptions.irqhandler.user)
 *(.exceptions.irqhandler)
 *(.exceptions.irqreturn.user)
 *(.exceptions.irqreturn)
 *(.exceptions.notirq.label)
 *(.exceptions.notirq.user)
 *(.exceptions.notirq)
 *(.exceptions.soft.user)
 *(.exceptions.soft)
 *(.exceptions.unknown.user)
 *(.exceptions.unknown)
 *(.exceptions.exit.label)
 *(.exceptions.exit.user)
 *(.exceptions.exit)
 *(.exceptions)
                0x00010020                PROVIDE (__ram_exceptions_end, ABSOLUTE (.))
                0x00010020                PROVIDE (__flash_exceptions_start, LOADADDR (.exceptions))

.text           0x00010020      0x75c
                0x00010020                PROVIDE (stext, ABSOLUTE (.))
 *(.interp)
 *(.hash)
 *(.dynsym)
 *(.dynstr)
 *(.gnu.version)
 *(.gnu.version_d)
 *(.gnu.version_r)
 *(.rel.init)
 *(.rela.init)
 *(.rel.text .rel.text.* .rel.gnu.linkonce.t.*)
 *(.rela.text .rela.text.* .rela.gnu.linkonce.t.*)
 *(.rel.fini)
 *(.rela.fini)
 *(.rel.rodata .rel.rodata.* .rel.gnu.linkonce.r.*)
 *(.rela.rodata .rela.rodata.* .rela.gnu.linkonce.r.*)
 *(.rel.data .rel.data.* .rel.gnu.linkonce.d.*)
 *(.rela.data .rela.data.* .rela.gnu.linkonce.d.*)
 *(.rel.tdata .rel.tdata.* .rel.gnu.linkonce.td.*)
 *(.rela.tdata .rela.tdata.* .rela.gnu.linkonce.td.*)
 *(.rel.tbss .rel.tbss.* .rel.gnu.linkonce.tb.*)
 *(.rela.tbss .rela.tbss.* .rela.gnu.linkonce.tb.*)
 *(.rel.ctors)
 *(.rela.ctors)
 *(.rel.dtors)
 *(.rela.dtors)
 *(.rel.got)
 *(.rela.got)
 *(.rel.sdata .rel.sdata.* .rel.gnu.linkonce.s.*)
 *(.rela.sdata .rela.sdata.* .rela.gnu.linkonce.s.*)
 *(.rel.sbss .rel.sbss.* .rel.gnu.linkonce.sb.*)
 *(.rela.sbss .rela.sbss.* .rela.gnu.linkonce.sb.*)
 *(.rel.sdata2 .rel.sdata2.* .rel.gnu.linkonce.s2.*)
 *(.rela.sdata2 .rela.sdata2.* .rela.gnu.linkonce.s2.*)
 *(.rel.sbss2 .rel.sbss2.* .rel.gnu.linkonce.sb2.*)
 *(.rela.sbss2 .rela.sbss2.* .rela.gnu.linkonce.sb2.*)
 *(.rel.bss .rel.bss.* .rel.gnu.linkonce.b.*)
 *(.rela.bss .rela.bss.* .rela.gnu.linkonce.b.*)
 *(.rel.plt)
 *(.rela.plt)
 *(.rel.dyn)
 *(.init)
 *(.plt)
 *(.text .stub .text.* .gnu.linkonce.t.*)
 .text          0x00010020       0x4c ../uart_final_bsp//obj/HAL/src/crt0.o
                0x00010020                _start
 .text          0x0001006c      0x19c obj/main.o
                0x0001006c                write
                0x00010074                read
                0x00010080                main
 .text          0x00010208      0x14c c:/altera/11.0sp1/nios2eds/bin/gnu/h-i686-mingw32/bin/../lib/gcc/nios2-elf/4.1.2\libgcc.a(lib2-divmod.o)
                0x00010284                __divsi3
                0x000102e4                __modsi3
                0x00010344                __udivsi3
                0x0001034c                __umodsi3
 .text          0x00010354       0x8c ../uart_final_bsp/\libhal_bsp.a(alt_load.o)
                0x00010374                alt_load
 .text          0x000103e0       0x2c ../uart_final_bsp/\libhal_bsp.a(alt_main.o)
                0x000103e0                alt_main
 .text          0x0001040c      0x144 ../uart_final_bsp/\libhal_bsp.a(alt_printf.o)
                0x0001040c                alt_printf
 .text          0x00010550       0x50 ../uart_final_bsp/\libhal_bsp.a(alt_putchar.o)
                0x00010550                alt_putchar
 .text          0x000105a0       0x38 ../uart_final_bsp/\libhal_bsp.a(alt_putstr.o)
                0x000105a0                alt_putstr
 .text          0x000105d8       0x4c ../uart_final_bsp/\libhal_bsp.a(alt_sys_init.o)
                0x000105d8                alt_sys_init
                0x00010604                alt_irq_init
 .text          0x00010624       0x34 ../uart_final_bsp/\libhal_bsp.a(altera_avalon_jtag_uart_write.o)
                0x00010624                altera_avalon_jtag_uart_write
 .text          0x00010658       0xa0 ../uart_final_bsp/\libhal_bsp.a(altera_avalon_timer_ts.o)
                0x00010658                alt_timestamp_freq
                0x00010668                alt_timestamp_start
                0x000106b0                alt_timestamp
 .text          0x000106f8        0x0 ../uart_final_bsp/\libhal_bsp.a(altera_avalon_timer_vars.o)
 .text          0x000106f8       0x18 ../uart_final_bsp/\libhal_bsp.a(alt_dcache_flush_all.o)
                0x000106f8                alt_dcache_flush_all
 .text          0x00010710        0xc ../uart_final_bsp/\libhal_bsp.a(alt_icache_flush_all.o)
                0x00010710                alt_icache_flush_all
 .text          0x0001071c        0x8 ../uart_final_bsp/\libhal_bsp.a(altera_nios2_irq.o)
                0x0001071c                altera_nios2_irq_init
 .text          0x00010724       0x38 ../uart_final_bsp/\libhal_bsp.a(alt_icache_flush.o)
                0x00010724                alt_icache_flush
 .text          0x0001075c       0x20 c:/altera/11.0sp1/nios2eds/bin/gnu/h-i686-mingw32/bin/../lib/gcc/nios2-elf/4.1.2/../../../../nios2-elf/lib\libsmallc.a(lib_a-strlen.o)
                0x0001075c                strlen
 *(.gnu.warning.*)
 *(.fini)
                0x0001077c                PROVIDE (__etext, ABSOLUTE (.))
                0x0001077c                PROVIDE (_etext, ABSOLUTE (.))
                0x0001077c                PROVIDE (etext, ABSOLUTE (.))
 *(.eh_frame_hdr)
                0x0001077c                . = ALIGN (0x4)
                0x0001077c                PROVIDE (__preinit_array_start, ABSOLUTE (.))
 *(.preinit_array)
                0x0001077c                PROVIDE (__preinit_array_end, ABSOLUTE (.))
                0x0001077c                PROVIDE (__init_array_start, ABSOLUTE (.))
 *(.init_array)
                0x0001077c                PROVIDE (__init_array_end, ABSOLUTE (.))
                0x0001077c                PROVIDE (__fini_array_start, ABSOLUTE (.))
 *(.fini_array)
                0x0001077c                PROVIDE (__fini_array_end, ABSOLUTE (.))
 *(.eh_frame)
 *(.gcc_except_table)
 *(.dynamic)
                0x0001077c                PROVIDE (__CTOR_LIST__, ABSOLUTE (.))
 *(.ctors)
 *(SORT(.ctors.*))
                0x0001077c                PROVIDE (__CTOR_END__, ABSOLUTE (.))
                0x0001077c                PROVIDE (__DTOR_LIST__, ABSOLUTE (.))
 *(.dtors)
 *(SORT(.dtors.*))
                0x0001077c                PROVIDE (__DTOR_END__, ABSOLUTE (.))
 *(.jcr)
                0x0001077c                . = ALIGN (0x4)

.rodata         0x0001077c       0x50
                0x0001077c                PROVIDE (__ram_rodata_start, ABSOLUTE (.))
                0x0001077c                . = ALIGN (0x4)
 *(.rodata .rodata.* .gnu.linkonce.r.*)
 .rodata.str1.4
                0x0001077c       0x50 obj/main.o
 *(.rodata1)
                0x000107cc                . = ALIGN (0x4)
                0x000107cc                PROVIDE (__ram_rodata_end, ABSOLUTE (.))
                0x0001077c                PROVIDE (__flash_rodata_start, LOADADDR (.rodata))

.rwdata         0x000107cc       0x14 load address 0x000107e0
                0x000107cc                PROVIDE (__ram_rwdata_start, ABSOLUTE (.))
                0x000107cc                . = ALIGN (0x4)
 *(.got.plt)
 *(.got)
 *(.data1)
 *(.data .data.* .gnu.linkonce.d.*)
 .data          0x000107cc        0x0 ../uart_final_bsp//obj/HAL/src/crt0.o
 .data          0x000107cc       0x10 obj/main.o
                0x000107cc                display_map
 .data          0x000107dc        0x0 c:/altera/11.0sp1/nios2eds/bin/gnu/h-i686-mingw32/bin/../lib/gcc/nios2-elf/4.1.2\libgcc.a(lib2-divmod.o)
 .data          0x000107dc        0x0 ../uart_final_bsp/\libhal_bsp.a(alt_load.o)
 .data          0x000107dc        0x0 ../uart_final_bsp/\libhal_bsp.a(alt_main.o)
 .data          0x000107dc        0x0 ../uart_final_bsp/\libhal_bsp.a(alt_printf.o)
 .data          0x000107dc        0x0 ../uart_final_bsp/\libhal_bsp.a(alt_putchar.o)
 .data          0x000107dc        0x0 ../uart_final_bsp/\libhal_bsp.a(alt_putstr.o)
 .data          0x000107dc        0x0 ../uart_final_bsp/\libhal_bsp.a(alt_sys_init.o)
 .data          0x000107dc        0x0 ../uart_final_bsp/\libhal_bsp.a(altera_avalon_jtag_uart_write.o)
 .data          0x000107dc        0x0 ../uart_final_bsp/\libhal_bsp.a(altera_avalon_timer_ts.o)
 .data          0x000107dc        0x0 ../uart_final_bsp/\libhal_bsp.a(altera_avalon_timer_vars.o)
 .data          0x000107dc        0x0 ../uart_final_bsp/\libhal_bsp.a(alt_dcache_flush_all.o)
 .data          0x000107dc        0x0 ../uart_final_bsp/\libhal_bsp.a(alt_icache_flush_all.o)
 .data          0x000107dc        0x0 ../uart_final_bsp/\libhal_bsp.a(altera_nios2_irq.o)
 .data          0x000107dc        0x0 ../uart_final_bsp/\libhal_bsp.a(alt_icache_flush.o)
 .data          0x000107dc        0x0 c:/altera/11.0sp1/nios2eds/bin/gnu/h-i686-mingw32/bin/../lib/gcc/nios2-elf/4.1.2/../../../../nios2-elf/lib\libsmallc.a(lib_a-strlen.o)
                0x000187dc                _gp = ABSOLUTE ((. + 0x8000))
                0x000187dc                PROVIDE (gp, _gp)
 *(.rwdata .rwdata.*)
 *(.sdata .sdata.* .gnu.linkonce.s.*)
 .sdata         0x000107dc        0x4 ../uart_final_bsp/\libhal_bsp.a(alt_sys_init.o)
                0x000107dc                jtag_uart_0
 *(.sdata2 .sdata2.* .gnu.linkonce.s2.*)
                0x000107e0                . = ALIGN (0x4)
                0x000107e0                _edata = ABSOLUTE (.)
                0x000107e0                PROVIDE (edata, ABSOLUTE (.))
                0x000107e0                PROVIDE (__ram_rwdata_end, ABSOLUTE (.))
                0x000107e0                PROVIDE (__flash_rwdata_start, LOADADDR (.rwdata))

.bss            0x000107f4       0x14
                0x000107f4                __bss_start = ABSOLUTE (.)
                0x000107f4                PROVIDE (__sbss_start, ABSOLUTE (.))
                0x000107f4                PROVIDE (___sbss_start, ABSOLUTE (.))
 *(.dynsbss)
 *(.sbss .sbss.* .gnu.linkonce.sb.*)
 .sbss          0x000107f4        0xc ../uart_final_bsp/\libhal_bsp.a(alt_main.o)
                0x000107f4                alt_argc
                0x000107f8                alt_argv
                0x000107fc                alt_envp
 .sbss          0x00010800        0x8 ../uart_final_bsp/\libhal_bsp.a(altera_avalon_timer_vars.o)
                0x00010800                altera_avalon_timer_ts_base
                0x00010804                altera_avalon_timer_ts_freq
 *(.sbss2 .sbss2.* .gnu.linkonce.sb2.*)
 *(.scommon)
                0x00010808                PROVIDE (__sbss_end, ABSOLUTE (.))
                0x00010808                PROVIDE (___sbss_end, ABSOLUTE (.))
 *(.dynbss)
 *(.bss .bss.* .gnu.linkonce.b.*)
 .bss           0x00010808        0x0 ../uart_final_bsp//obj/HAL/src/crt0.o
 .bss           0x00010808        0x0 obj/main.o
 .bss           0x00010808        0x0 c:/altera/11.0sp1/nios2eds/bin/gnu/h-i686-mingw32/bin/../lib/gcc/nios2-elf/4.1.2\libgcc.a(lib2-divmod.o)
 .bss           0x00010808        0x0 ../uart_final_bsp/\libhal_bsp.a(alt_load.o)
 .bss           0x00010808        0x0 ../uart_final_bsp/\libhal_bsp.a(alt_main.o)
 .bss           0x00010808        0x0 ../uart_final_bsp/\libhal_bsp.a(alt_printf.o)
 .bss           0x00010808        0x0 ../uart_final_bsp/\libhal_bsp.a(alt_putchar.o)
 .bss           0x00010808        0x0 ../uart_final_bsp/\libhal_bsp.a(alt_putstr.o)
 .bss           0x00010808        0x0 ../uart_final_bsp/\libhal_bsp.a(alt_sys_init.o)
 .bss           0x00010808        0x0 ../uart_final_bsp/\libhal_bsp.a(altera_avalon_jtag_uart_write.o)
 .bss           0x00010808        0x0 ../uart_final_bsp/\libhal_bsp.a(altera_avalon_timer_ts.o)
 .bss           0x00010808        0x0 ../uart_final_bsp/\libhal_bsp.a(altera_avalon_timer_vars.o)
 .bss           0x00010808        0x0 ../uart_final_bsp/\libhal_bsp.a(alt_dcache_flush_all.o)
 .bss           0x00010808        0x0 ../uart_final_bsp/\libhal_bsp.a(alt_icache_flush_all.o)
 .bss           0x00010808        0x0 ../uart_final_bsp/\libhal_bsp.a(altera_nios2_irq.o)
 .bss           0x00010808        0x0 ../uart_final_bsp/\libhal_bsp.a(alt_icache_flush.o)
 .bss           0x00010808        0x0 c:/altera/11.0sp1/nios2eds/bin/gnu/h-i686-mingw32/bin/../lib/gcc/nios2-elf/4.1.2/../../../../nios2-elf/lib\libsmallc.a(lib_a-strlen.o)
 *(COMMON)
                0x00010808                . = ALIGN (0x4)
                0x00010808                __bss_end = ABSOLUTE (.)

.onchip_memory2_0
                0x00010808        0x0
                0x00010808                PROVIDE (_alt_partition_onchip_memory2_0_start, ABSOLUTE (.))
 *(.onchip_memory2_0. onchip_memory2_0.*)
                0x00010808                . = ALIGN (0x4)
                0x00010808                PROVIDE (_alt_partition_onchip_memory2_0_end, ABSOLUTE (.))
                0x00010808                _end = ABSOLUTE (.)
                0x00010808                end = ABSOLUTE (.)
                0x00010808                __alt_stack_base = ABSOLUTE (.)
                0x00010808                PROVIDE (_alt_partition_onchip_memory2_0_load_addr, LOADADDR (.onchip_memory2_0))

.stab
 *(.stab)

.stabstr
 *(.stabstr)

.stab.excl
 *(.stab.excl)

.stab.exclstr
 *(.stab.exclstr)

.stab.index
 *(.stab.index)

.stab.indexstr
 *(.stab.indexstr)

.comment        0x00000000       0x26
 *(.comment)
 .comment       0x00000000       0x26 obj/main.o
                                 0x27 (size before relaxing)
 .comment       0x00000000       0x27 c:/altera/11.0sp1/nios2eds/bin/gnu/h-i686-mingw32/bin/../lib/gcc/nios2-elf/4.1.2\libgcc.a(lib2-divmod.o)
 .comment       0x00000000       0x27 ../uart_final_bsp/\libhal_bsp.a(alt_load.o)
 .comment       0x00000000       0x27 ../uart_final_bsp/\libhal_bsp.a(alt_main.o)
 .comment       0x00000000       0x27 ../uart_final_bsp/\libhal_bsp.a(alt_printf.o)
 .comment       0x00000000       0x27 ../uart_final_bsp/\libhal_bsp.a(alt_putchar.o)
 .comment       0x00000000       0x27 ../uart_final_bsp/\libhal_bsp.a(alt_putstr.o)
 .comment       0x00000000       0x27 ../uart_final_bsp/\libhal_bsp.a(alt_sys_init.o)
 .comment       0x00000000       0x27 ../uart_final_bsp/\libhal_bsp.a(altera_avalon_jtag_uart_write.o)
 .comment       0x00000000       0x27 ../uart_final_bsp/\libhal_bsp.a(altera_avalon_timer_ts.o)
 .comment       0x00000000       0x27 ../uart_final_bsp/\libhal_bsp.a(altera_avalon_timer_vars.o)
 .comment       0x00000000       0x27 ../uart_final_bsp/\libhal_bsp.a(alt_dcache_flush_all.o)
 .comment       0x00000000       0x27 ../uart_final_bsp/\libhal_bsp.a(alt_icache_flush_all.o)
 .comment       0x00000000       0x27 ../uart_final_bsp/\libhal_bsp.a(altera_nios2_irq.o)
 .comment       0x00000000       0x27 ../uart_final_bsp/\libhal_bsp.a(alt_icache_flush.o)
 .comment       0x00000000       0x27 c:/altera/11.0sp1/nios2eds/bin/gnu/h-i686-mingw32/bin/../lib/gcc/nios2-elf/4.1.2/../../../../nios2-elf/lib\libsmallc.a(lib_a-strlen.o)

.debug
 *(.debug)

.line
 *(.line)

.debug_srcinfo
 *(.debug_srcinfo)

.debug_sfnames
 *(.debug_sfnames)

.debug_aranges  0x00000000      0x208
 *(.debug_aranges)
 .debug_aranges
                0x00000000       0x28 ../uart_final_bsp//obj/HAL/src/crt0.o
 .debug_aranges
                0x00000028       0x20 obj/main.o
 .debug_aranges
                0x00000048       0x20 c:/altera/11.0sp1/nios2eds/bin/gnu/h-i686-mingw32/bin/../lib/gcc/nios2-elf/4.1.2\libgcc.a(lib2-divmod.o)
 .debug_aranges
                0x00000068       0x20 ../uart_final_bsp/\libhal_bsp.a(alt_load.o)
 .debug_aranges
                0x00000088       0x20 ../uart_final_bsp/\libhal_bsp.a(alt_main.o)
 .debug_aranges
                0x000000a8       0x20 ../uart_final_bsp/\libhal_bsp.a(alt_printf.o)
 .debug_aranges
                0x000000c8       0x20 ../uart_final_bsp/\libhal_bsp.a(alt_putchar.o)
 .debug_aranges
                0x000000e8       0x20 ../uart_final_bsp/\libhal_bsp.a(alt_putstr.o)
 .debug_aranges
                0x00000108       0x20 ../uart_final_bsp/\libhal_bsp.a(alt_sys_init.o)
 .debug_aranges
                0x00000128       0x20 ../uart_final_bsp/\libhal_bsp.a(altera_avalon_jtag_uart_write.o)
 .debug_aranges
                0x00000148       0x20 ../uart_final_bsp/\libhal_bsp.a(altera_avalon_timer_ts.o)
 .debug_aranges
                0x00000168       0x20 ../uart_final_bsp/\libhal_bsp.a(alt_dcache_flush_all.o)
 .debug_aranges
                0x00000188       0x20 ../uart_final_bsp/\libhal_bsp.a(alt_icache_flush_all.o)
 .debug_aranges
                0x000001a8       0x20 ../uart_final_bsp/\libhal_bsp.a(altera_nios2_irq.o)
 .debug_aranges
                0x000001c8       0x20 ../uart_final_bsp/\libhal_bsp.a(alt_icache_flush.o)
 .debug_aranges
                0x000001e8       0x20 c:/altera/11.0sp1/nios2eds/bin/gnu/h-i686-mingw32/bin/../lib/gcc/nios2-elf/4.1.2/../../../../nios2-elf/lib\libsmallc.a(lib_a-strlen.o)

.debug_pubnames
                0x00000000      0x332
 *(.debug_pubnames)
 .debug_pubnames
                0x00000000       0x3e obj/main.o
 .debug_pubnames
                0x0000003e       0x48 c:/altera/11.0sp1/nios2eds/bin/gnu/h-i686-mingw32/bin/../lib/gcc/nios2-elf/4.1.2\libgcc.a(lib2-divmod.o)
 .debug_pubnames
                0x00000086       0x1f ../uart_final_bsp/\libhal_bsp.a(alt_load.o)
 .debug_pubnames
                0x000000a5       0x46 ../uart_final_bsp/\libhal_bsp.a(alt_main.o)
 .debug_pubnames
                0x000000eb       0x21 ../uart_final_bsp/\libhal_bsp.a(alt_printf.o)
 .debug_pubnames
                0x0000010c       0x22 ../uart_final_bsp/\libhal_bsp.a(alt_putchar.o)
 .debug_pubnames
                0x0000012e       0x21 ../uart_final_bsp/\libhal_bsp.a(alt_putstr.o)
 .debug_pubnames
                0x0000014f       0x44 ../uart_final_bsp/\libhal_bsp.a(alt_sys_init.o)
 .debug_pubnames
                0x00000193       0x34 ../uart_final_bsp/\libhal_bsp.a(altera_avalon_jtag_uart_write.o)
 .debug_pubnames
                0x000001c7       0x53 ../uart_final_bsp/\libhal_bsp.a(altera_avalon_timer_ts.o)
 .debug_pubnames
                0x0000021a       0x52 ../uart_final_bsp/\libhal_bsp.a(altera_avalon_timer_vars.o)
 .debug_pubnames
                0x0000026c       0x2b ../uart_final_bsp/\libhal_bsp.a(alt_dcache_flush_all.o)
 .debug_pubnames
                0x00000297       0x2b ../uart_final_bsp/\libhal_bsp.a(alt_icache_flush_all.o)
 .debug_pubnames
                0x000002c2       0x2c ../uart_final_bsp/\libhal_bsp.a(altera_nios2_irq.o)
 .debug_pubnames
                0x000002ee       0x27 ../uart_final_bsp/\libhal_bsp.a(alt_icache_flush.o)
 .debug_pubnames
                0x00000315       0x1d c:/altera/11.0sp1/nios2eds/bin/gnu/h-i686-mingw32/bin/../lib/gcc/nios2-elf/4.1.2/../../../../nios2-elf/lib\libsmallc.a(lib_a-strlen.o)

.debug_info     0x00000000     0x123e
 *(.debug_info .gnu.linkonce.wi.*)
 .debug_info    0x00000000       0x71 ../uart_final_bsp//obj/HAL/src/crt0.o
 .debug_info    0x00000071      0x1dc obj/main.o
 .debug_info    0x0000024d      0x21c c:/altera/11.0sp1/nios2eds/bin/gnu/h-i686-mingw32/bin/../lib/gcc/nios2-elf/4.1.2\libgcc.a(lib2-divmod.o)
 .debug_info    0x00000469      0x12e ../uart_final_bsp/\libhal_bsp.a(alt_load.o)
 .debug_info    0x00000597      0x125 ../uart_final_bsp/\libhal_bsp.a(alt_main.o)
 .debug_info    0x000006bc      0x11d ../uart_final_bsp/\libhal_bsp.a(alt_printf.o)
 .debug_info    0x000007d9       0xc5 ../uart_final_bsp/\libhal_bsp.a(alt_putchar.o)
 .debug_info    0x0000089e       0xc5 ../uart_final_bsp/\libhal_bsp.a(alt_putstr.o)
 .debug_info    0x00000963      0x199 ../uart_final_bsp/\libhal_bsp.a(alt_sys_init.o)
 .debug_info    0x00000afc      0x18f ../uart_final_bsp/\libhal_bsp.a(altera_avalon_jtag_uart_write.o)
 .debug_info    0x00000c8b      0x171 ../uart_final_bsp/\libhal_bsp.a(altera_avalon_timer_ts.o)
 .debug_info    0x00000dfc       0xf2 ../uart_final_bsp/\libhal_bsp.a(altera_avalon_timer_vars.o)
 .debug_info    0x00000eee       0x9f ../uart_final_bsp/\libhal_bsp.a(alt_dcache_flush_all.o)
 .debug_info    0x00000f8d       0x8d ../uart_final_bsp/\libhal_bsp.a(alt_icache_flush_all.o)
 .debug_info    0x0000101a       0x8d ../uart_final_bsp/\libhal_bsp.a(altera_nios2_irq.o)
 .debug_info    0x000010a7       0xd5 ../uart_final_bsp/\libhal_bsp.a(alt_icache_flush.o)
 .debug_info    0x0000117c       0xc2 c:/altera/11.0sp1/nios2eds/bin/gnu/h-i686-mingw32/bin/../lib/gcc/nios2-elf/4.1.2/../../../../nios2-elf/lib\libsmallc.a(lib_a-strlen.o)

.debug_abbrev   0x00000000      0xa47
 *(.debug_abbrev)
 .debug_abbrev  0x00000000       0x12 ../uart_final_bsp//obj/HAL/src/crt0.o
 .debug_abbrev  0x00000012      0x156 obj/main.o
 .debug_abbrev  0x00000168       0xe0 c:/altera/11.0sp1/nios2eds/bin/gnu/h-i686-mingw32/bin/../lib/gcc/nios2-elf/4.1.2\libgcc.a(lib2-divmod.o)
 .debug_abbrev  0x00000248       0x97 ../uart_final_bsp/\libhal_bsp.a(alt_load.o)
 .debug_abbrev  0x000002df       0xa6 ../uart_final_bsp/\libhal_bsp.a(alt_main.o)
 .debug_abbrev  0x00000385       0xc7 ../uart_final_bsp/\libhal_bsp.a(alt_printf.o)
 .debug_abbrev  0x0000044c       0x7b ../uart_final_bsp/\libhal_bsp.a(alt_putchar.o)
 .debug_abbrev  0x000004c7       0x7c ../uart_final_bsp/\libhal_bsp.a(alt_putstr.o)
 .debug_abbrev  0x00000543       0xea ../uart_final_bsp/\libhal_bsp.a(alt_sys_init.o)
 .debug_abbrev  0x0000062d       0xf0 ../uart_final_bsp/\libhal_bsp.a(altera_avalon_jtag_uart_write.o)
 .debug_abbrev  0x0000071d       0xcb ../uart_final_bsp/\libhal_bsp.a(altera_avalon_timer_ts.o)
 .debug_abbrev  0x000007e8       0x87 ../uart_final_bsp/\libhal_bsp.a(altera_avalon_timer_vars.o)
 .debug_abbrev  0x0000086f       0x57 ../uart_final_bsp/\libhal_bsp.a(alt_dcache_flush_all.o)
 .debug_abbrev  0x000008c6       0x3f ../uart_final_bsp/\libhal_bsp.a(alt_icache_flush_all.o)
 .debug_abbrev  0x00000905       0x3f ../uart_final_bsp/\libhal_bsp.a(altera_nios2_irq.o)
 .debug_abbrev  0x00000944       0x89 ../uart_final_bsp/\libhal_bsp.a(alt_icache_flush.o)
 .debug_abbrev  0x000009cd       0x7a c:/altera/11.0sp1/nios2eds/bin/gnu/h-i686-mingw32/bin/../lib/gcc/nios2-elf/4.1.2/../../../../nios2-elf/lib\libsmallc.a(lib_a-strlen.o)

.debug_line     0x00000000     0x258a
 *(.debug_line)
 .debug_line    0x00000000       0x72 ../uart_final_bsp//obj/HAL/src/crt0.o
 .debug_line    0x00000072      0x3a3 obj/main.o
 .debug_line    0x00000415      0x24f c:/altera/11.0sp1/nios2eds/bin/gnu/h-i686-mingw32/bin/../lib/gcc/nios2-elf/4.1.2\libgcc.a(lib2-divmod.o)
 .debug_line    0x00000664      0x217 ../uart_final_bsp/\libhal_bsp.a(alt_load.o)
 .debug_line    0x0000087b      0x2c2 ../uart_final_bsp/\libhal_bsp.a(alt_main.o)
 .debug_line    0x00000b3d      0x1f2 ../uart_final_bsp/\libhal_bsp.a(alt_printf.o)
 .debug_line    0x00000d2f      0x1f2 ../uart_final_bsp/\libhal_bsp.a(alt_putchar.o)
 .debug_line    0x00000f21      0x1d9 ../uart_final_bsp/\libhal_bsp.a(alt_putstr.o)
 .debug_line    0x000010fa      0x2a7 ../uart_final_bsp/\libhal_bsp.a(alt_sys_init.o)
 .debug_line    0x000013a1      0x2f4 ../uart_final_bsp/\libhal_bsp.a(altera_avalon_jtag_uart_write.o)
 .debug_line    0x00001695      0x32a ../uart_final_bsp/\libhal_bsp.a(altera_avalon_timer_ts.o)
 .debug_line    0x000019bf      0x242 ../uart_final_bsp/\libhal_bsp.a(altera_avalon_timer_vars.o)
 .debug_line    0x00001c01      0x1cd ../uart_final_bsp/\libhal_bsp.a(alt_dcache_flush_all.o)
 .debug_line    0x00001dce      0x1c5 ../uart_final_bsp/\libhal_bsp.a(alt_icache_flush_all.o)
 .debug_line    0x00001f93      0x1c9 ../uart_final_bsp/\libhal_bsp.a(altera_nios2_irq.o)
 .debug_line    0x0000215c      0x1e1 ../uart_final_bsp/\libhal_bsp.a(alt_icache_flush.o)
 .debug_line    0x0000233d      0x24d c:/altera/11.0sp1/nios2eds/bin/gnu/h-i686-mingw32/bin/../lib/gcc/nios2-elf/4.1.2/../../../../nios2-elf/lib\libsmallc.a(lib_a-strlen.o)

.debug_frame    0x00000000      0x2d8
 *(.debug_frame)
 .debug_frame   0x00000000       0x50 obj/main.o
 .debug_frame   0x00000050       0x70 c:/altera/11.0sp1/nios2eds/bin/gnu/h-i686-mingw32/bin/../lib/gcc/nios2-elf/4.1.2\libgcc.a(lib2-divmod.o)
 .debug_frame   0x000000c0       0x38 ../uart_final_bsp/\libhal_bsp.a(alt_load.o)
 .debug_frame   0x000000f8       0x28 ../uart_final_bsp/\libhal_bsp.a(alt_main.o)
 .debug_frame   0x00000120       0x2c ../uart_final_bsp/\libhal_bsp.a(alt_printf.o)
 .debug_frame   0x0000014c       0x2c ../uart_final_bsp/\libhal_bsp.a(alt_putchar.o)
 .debug_frame   0x00000178       0x28 ../uart_final_bsp/\libhal_bsp.a(alt_putstr.o)
 .debug_frame   0x000001a0       0x38 ../uart_final_bsp/\libhal_bsp.a(alt_sys_init.o)
 .debug_frame   0x000001d8       0x20 ../uart_final_bsp/\libhal_bsp.a(altera_avalon_jtag_uart_write.o)
 .debug_frame   0x000001f8       0x40 ../uart_final_bsp/\libhal_bsp.a(altera_avalon_timer_ts.o)
 .debug_frame   0x00000238       0x20 ../uart_final_bsp/\libhal_bsp.a(alt_dcache_flush_all.o)
 .debug_frame   0x00000258       0x20 ../uart_final_bsp/\libhal_bsp.a(alt_icache_flush_all.o)
 .debug_frame   0x00000278       0x20 ../uart_final_bsp/\libhal_bsp.a(altera_nios2_irq.o)
 .debug_frame   0x00000298       0x20 ../uart_final_bsp/\libhal_bsp.a(alt_icache_flush.o)
 .debug_frame   0x000002b8       0x20 c:/altera/11.0sp1/nios2eds/bin/gnu/h-i686-mingw32/bin/../lib/gcc/nios2-elf/4.1.2/../../../../nios2-elf/lib\libsmallc.a(lib_a-strlen.o)

.debug_str      0x00000000      0x767
 *(.debug_str)
 .debug_str     0x00000000       0xf8 obj/main.o
                                0x143 (size before relaxing)
 .debug_str     0x000000f8      0x10b c:/altera/11.0sp1/nios2eds/bin/gnu/h-i686-mingw32/bin/../lib/gcc/nios2-elf/4.1.2\libgcc.a(lib2-divmod.o)
                                0x1b4 (size before relaxing)
 .debug_str     0x00000203      0x131 ../uart_final_bsp/\libhal_bsp.a(alt_load.o)
                                0x1c6 (size before relaxing)
 .debug_str     0x00000334       0x44 ../uart_final_bsp/\libhal_bsp.a(alt_main.o)
                                0x14a (size before relaxing)
 .debug_str     0x00000378       0x46 ../uart_final_bsp/\libhal_bsp.a(alt_printf.o)
                                 0xb1 (size before relaxing)
 .debug_str     0x000003be       0x4e ../uart_final_bsp/\libhal_bsp.a(alt_putchar.o)
                                0x123 (size before relaxing)
 .debug_str     0x0000040c       0x20 ../uart_final_bsp/\libhal_bsp.a(alt_putstr.o)
                                0x121 (size before relaxing)
 .debug_str     0x0000042c       0xb8 ../uart_final_bsp/\libhal_bsp.a(alt_sys_init.o)
                                0x1f7 (size before relaxing)
 .debug_str     0x000004e4       0x56 ../uart_final_bsp/\libhal_bsp.a(altera_avalon_jtag_uart_write.o)
                                0x1c2 (size before relaxing)
 .debug_str     0x0000053a       0x66 ../uart_final_bsp/\libhal_bsp.a(altera_avalon_timer_ts.o)
                                0x1b1 (size before relaxing)
 .debug_str     0x000005a0       0x27 ../uart_final_bsp/\libhal_bsp.a(altera_avalon_timer_vars.o)
                                0x16d (size before relaxing)
 .debug_str     0x000005c7       0x34 ../uart_final_bsp/\libhal_bsp.a(alt_dcache_flush_all.o)
                                0x109 (size before relaxing)
 .debug_str     0x000005fb       0x34 ../uart_final_bsp/\libhal_bsp.a(alt_icache_flush_all.o)
                                0x109 (size before relaxing)
 .debug_str     0x0000062f       0x31 ../uart_final_bsp/\libhal_bsp.a(altera_nios2_irq.o)
                                0x106 (size before relaxing)
 .debug_str     0x00000660       0x2c ../uart_final_bsp/\libhal_bsp.a(alt_icache_flush.o)
                                0x10f (size before relaxing)
 .debug_str     0x0000068c       0xdb c:/altera/11.0sp1/nios2eds/bin/gnu/h-i686-mingw32/bin/../lib/gcc/nios2-elf/4.1.2/../../../../nios2-elf/lib\libsmallc.a(lib_a-strlen.o)
                                0x176 (size before relaxing)

.debug_loc      0x00000000      0x4f6
 *(.debug_loc)
 .debug_loc     0x00000000       0x63 obj/main.o
 .debug_loc     0x00000063      0x1d2 c:/altera/11.0sp1/nios2eds/bin/gnu/h-i686-mingw32/bin/../lib/gcc/nios2-elf/4.1.2\libgcc.a(lib2-divmod.o)
 .debug_loc     0x00000235       0x1f ../uart_final_bsp/\libhal_bsp.a(alt_load.o)
 .debug_loc     0x00000254       0x1f ../uart_final_bsp/\libhal_bsp.a(alt_main.o)
 .debug_loc     0x00000273      0x175 ../uart_final_bsp/\libhal_bsp.a(alt_printf.o)
 .debug_loc     0x000003e8       0x3d ../uart_final_bsp/\libhal_bsp.a(alt_putchar.o)
 .debug_loc     0x00000425       0x48 ../uart_final_bsp/\libhal_bsp.a(alt_putstr.o)
 .debug_loc     0x0000046d       0x32 ../uart_final_bsp/\libhal_bsp.a(alt_sys_init.o)
 .debug_loc     0x0000049f       0x26 ../uart_final_bsp/\libhal_bsp.a(altera_avalon_jtag_uart_write.o)
 .debug_loc     0x000004c5       0x13 ../uart_final_bsp/\libhal_bsp.a(alt_icache_flush.o)
 .debug_loc     0x000004d8       0x1e c:/altera/11.0sp1/nios2eds/bin/gnu/h-i686-mingw32/bin/../lib/gcc/nios2-elf/4.1.2/../../../../nios2-elf/lib\libsmallc.a(lib_a-strlen.o)

.debug_macinfo
 *(.debug_macinfo)

.debug_weaknames
 *(.debug_weaknames)

.debug_funcnames
 *(.debug_funcnames)

.debug_typenames
 *(.debug_typenames)

.debug_varnames
 *(.debug_varnames)

.debug_alt_sim_info
                0x00000000       0x30
 *(.debug_alt_sim_info)
 .debug_alt_sim_info
                0x00000000       0x30 ../uart_final_bsp//obj/HAL/src/crt0.o
                0x0001a000                __alt_data_end = 0x1a000
                0x0001a000                PROVIDE (__alt_stack_pointer, __alt_data_end)
                0x00010808                PROVIDE (__alt_stack_limit, __alt_stack_base)
                0x00010808                PROVIDE (__alt_heap_start, end)
                0x0001a000                PROVIDE (__alt_heap_limit, 0x1a000)
OUTPUT(uart_final.elf elf32-littlenios2)

.debug_ranges   0x00000000       0x20
 .debug_ranges  0x00000000       0x20 ../uart_final_bsp//obj/HAL/src/crt0.o
