Archive member included because of file (symbol)

../HelloWorld_bsp/\libhal_bsp.a(alt_load.o)
                              ../HelloWorld_bsp//obj/HAL/src/crt0.o (alt_load)
../HelloWorld_bsp/\libhal_bsp.a(alt_main.o)
                              ../HelloWorld_bsp//obj/HAL/src/crt0.o (alt_main)
../HelloWorld_bsp/\libhal_bsp.a(alt_putstr.o)
                              obj/hello_world_small.o (alt_putstr)
../HelloWorld_bsp/\libhal_bsp.a(alt_sys_init.o)
                              ../HelloWorld_bsp/\libhal_bsp.a(alt_main.o) (alt_sys_init)
../HelloWorld_bsp/\libhal_bsp.a(altera_avalon_jtag_uart_write.o)
                              ../HelloWorld_bsp/\libhal_bsp.a(alt_putstr.o) (altera_avalon_jtag_uart_write)
../HelloWorld_bsp/\libhal_bsp.a(alt_dcache_flush_all.o)
                              ../HelloWorld_bsp/\libhal_bsp.a(alt_load.o) (alt_dcache_flush_all)
../HelloWorld_bsp/\libhal_bsp.a(alt_icache_flush_all.o)
                              ../HelloWorld_bsp/\libhal_bsp.a(alt_load.o) (alt_icache_flush_all)
../HelloWorld_bsp/\libhal_bsp.a(altera_nios2_irq.o)
                              ../HelloWorld_bsp/\libhal_bsp.a(alt_sys_init.o) (altera_nios2_irq_init)
../HelloWorld_bsp/\libhal_bsp.a(alt_icache_flush.o)
                              ../HelloWorld_bsp/\libhal_bsp.a(alt_icache_flush_all.o) (alt_icache_flush)
c:/altera/11.0sp1/nios2eds/bin/gnu/h-i686-mingw32/bin/../lib/gcc/nios2-elf/4.1.2/../../../../nios2-elf/lib\libsmallc.a(lib_a-strlen.o)
                              ../HelloWorld_bsp/\libhal_bsp.a(alt_putstr.o) (strlen)

Memory Configuration

Name             Origin             Length             Attributes
reset            0x00010000         0x00000020
onchip_memory2_0 0x00010020         0x00009fe0
*default*        0x00000000         0xffffffff

Linker script and memory map

LOAD ../HelloWorld_bsp//obj/HAL/src/crt0.o
                0x0001001c                exit = _exit
LOAD obj/hello_world_small.o
LOAD c:/altera/11.0sp1/nios2eds/bin/gnu/h-i686-mingw32/bin/../lib/gcc/nios2-elf/4.1.2/../../../../nios2-elf/lib\libstdc++.a
LOAD c:/altera/11.0sp1/nios2eds/bin/gnu/h-i686-mingw32/bin/../lib/gcc/nios2-elf/4.1.2/../../../../nios2-elf/lib\libm.a
LOAD c:/altera/11.0sp1/nios2eds/bin/gnu/h-i686-mingw32/bin/../lib/gcc/nios2-elf/4.1.2\libgcc.a
START GROUP
LOAD c:/altera/11.0sp1/nios2eds/bin/gnu/h-i686-mingw32/bin/../lib/gcc/nios2-elf/4.1.2/../../../../nios2-elf/lib\libsmallc.a
LOAD c:/altera/11.0sp1/nios2eds/bin/gnu/h-i686-mingw32/bin/../lib/gcc/nios2-elf/4.1.2\libgcc.a
LOAD ../HelloWorld_bsp/\libhal_bsp.a
END GROUP
LOAD c:/altera/11.0sp1/nios2eds/bin/gnu/h-i686-mingw32/bin/../lib/gcc/nios2-elf/4.1.2\libgcc.a
                0x00010000                __alt_mem_onchip_memory2_0 = 0x10000

.entry          0x00010000       0x20
 *(.entry)
 .entry         0x00010000       0x20 ../HelloWorld_bsp//obj/HAL/src/crt0.o
                0x00010000                __reset
                0x0001001c                _exit

.exceptions     0x00010020        0x0
                0x00010020                PROVIDE (__ram_exceptions_start, ABSOLUTE (.))
                0x00010020                . = ALIGN (0x20)
 *(.irq)
 *(.exceptions.entry.label)
 *(.exceptions.entry.user)
 *(.exceptions.entry)
 *(.exceptions.irqtest.user)
 *(.exceptions.irqtest)
 *(.exceptions.irqhandler.user)
 *(.exceptions.irqhandler)
 *(.exceptions.irqreturn.user)
 *(.exceptions.irqreturn)
 *(.exceptions.notirq.label)
 *(.exceptions.notirq.user)
 *(.exceptions.notirq)
 *(.exceptions.soft.user)
 *(.exceptions.soft)
 *(.exceptions.unknown.user)
 *(.exceptions.unknown)
 *(.exceptions.exit.label)
 *(.exceptions.exit.user)
 *(.exceptions.exit)
 *(.exceptions)
                0x00010020                PROVIDE (__ram_exceptions_end, ABSOLUTE (.))
                0x00010020                PROVIDE (__flash_exceptions_start, LOADADDR (.exceptions))

.text           0x00010020      0x230
                0x00010020                PROVIDE (stext, ABSOLUTE (.))
 *(.interp)
 *(.hash)
 *(.dynsym)
 *(.dynstr)
 *(.gnu.version)
 *(.gnu.version_d)
 *(.gnu.version_r)
 *(.rel.init)
 *(.rela.init)
 *(.rel.text .rel.text.* .rel.gnu.linkonce.t.*)
 *(.rela.text .rela.text.* .rela.gnu.linkonce.t.*)
 *(.rel.fini)
 *(.rela.fini)
 *(.rel.rodata .rel.rodata.* .rel.gnu.linkonce.r.*)
 *(.rela.rodata .rela.rodata.* .rela.gnu.linkonce.r.*)
 *(.rel.data .rel.data.* .rel.gnu.linkonce.d.*)
 *(.rela.data .rela.data.* .rela.gnu.linkonce.d.*)
 *(.rel.tdata .rel.tdata.* .rel.gnu.linkonce.td.*)
 *(.rela.tdata .rela.tdata.* .rela.gnu.linkonce.td.*)
 *(.rel.tbss .rel.tbss.* .rel.gnu.linkonce.tb.*)
 *(.rela.tbss .rela.tbss.* .rela.gnu.linkonce.tb.*)
 *(.rel.ctors)
 *(.rela.ctors)
 *(.rel.dtors)
 *(.rela.dtors)
 *(.rel.got)
 *(.rela.got)
 *(.rel.sdata .rel.sdata.* .rel.gnu.linkonce.s.*)
 *(.rela.sdata .rela.sdata.* .rela.gnu.linkonce.s.*)
 *(.rel.sbss .rel.sbss.* .rel.gnu.linkonce.sb.*)
 *(.rela.sbss .rela.sbss.* .rela.gnu.linkonce.sb.*)
 *(.rel.sdata2 .rel.sdata2.* .rel.gnu.linkonce.s2.*)
 *(.rela.sdata2 .rela.sdata2.* .rela.gnu.linkonce.s2.*)
 *(.rel.sbss2 .rel.sbss2.* .rel.gnu.linkonce.sb2.*)
 *(.rela.sbss2 .rela.sbss2.* .rela.gnu.linkonce.sb2.*)
 *(.rel.bss .rel.bss.* .rel.gnu.linkonce.b.*)
 *(.rela.bss .rela.bss.* .rela.gnu.linkonce.b.*)
 *(.rel.plt)
 *(.rela.plt)
 *(.rel.dyn)
 *(.init)
 *(.plt)
 *(.text .stub .text.* .gnu.linkonce.t.*)
 .text          0x00010020       0x4c ../HelloWorld_bsp//obj/HAL/src/crt0.o
                0x00010020                _start
 .text          0x0001006c       0x18 obj/hello_world_small.o
                0x0001006c                main
 .text          0x00010084       0x8c ../HelloWorld_bsp/\libhal_bsp.a(alt_load.o)
                0x000100a4                alt_load
 .text          0x00010110       0x2c ../HelloWorld_bsp/\libhal_bsp.a(alt_main.o)
                0x00010110                alt_main
 .text          0x0001013c       0x38 ../HelloWorld_bsp/\libhal_bsp.a(alt_putstr.o)
                0x0001013c                alt_putstr
 .text          0x00010174       0x24 ../HelloWorld_bsp/\libhal_bsp.a(alt_sys_init.o)
                0x00010174                alt_sys_init
                0x00010178                alt_irq_init
 .text          0x00010198       0x34 ../HelloWorld_bsp/\libhal_bsp.a(altera_avalon_jtag_uart_write.o)
                0x00010198                altera_avalon_jtag_uart_write
 .text          0x000101cc       0x18 ../HelloWorld_bsp/\libhal_bsp.a(alt_dcache_flush_all.o)
                0x000101cc                alt_dcache_flush_all
 .text          0x000101e4        0xc ../HelloWorld_bsp/\libhal_bsp.a(alt_icache_flush_all.o)
                0x000101e4                alt_icache_flush_all
 .text          0x000101f0        0x8 ../HelloWorld_bsp/\libhal_bsp.a(altera_nios2_irq.o)
                0x000101f0                altera_nios2_irq_init
 .text          0x000101f8       0x38 ../HelloWorld_bsp/\libhal_bsp.a(alt_icache_flush.o)
                0x000101f8                alt_icache_flush
 .text          0x00010230       0x20 c:/altera/11.0sp1/nios2eds/bin/gnu/h-i686-mingw32/bin/../lib/gcc/nios2-elf/4.1.2/../../../../nios2-elf/lib\libsmallc.a(lib_a-strlen.o)
                0x00010230                strlen
 *(.gnu.warning.*)
 *(.fini)
                0x00010250                PROVIDE (__etext, ABSOLUTE (.))
                0x00010250                PROVIDE (_etext, ABSOLUTE (.))
                0x00010250                PROVIDE (etext, ABSOLUTE (.))
 *(.eh_frame_hdr)
                0x00010250                . = ALIGN (0x4)
                0x00010250                PROVIDE (__preinit_array_start, ABSOLUTE (.))
 *(.preinit_array)
                0x00010250                PROVIDE (__preinit_array_end, ABSOLUTE (.))
                0x00010250                PROVIDE (__init_array_start, ABSOLUTE (.))
 *(.init_array)
                0x00010250                PROVIDE (__init_array_end, ABSOLUTE (.))
                0x00010250                PROVIDE (__fini_array_start, ABSOLUTE (.))
 *(.fini_array)
                0x00010250                PROVIDE (__fini_array_end, ABSOLUTE (.))
 *(.eh_frame)
 *(.gcc_except_table)
 *(.dynamic)
                0x00010250                PROVIDE (__CTOR_LIST__, ABSOLUTE (.))
 *(.ctors)
 *(SORT(.ctors.*))
                0x00010250                PROVIDE (__CTOR_END__, ABSOLUTE (.))
                0x00010250                PROVIDE (__DTOR_LIST__, ABSOLUTE (.))
 *(.dtors)
 *(SORT(.dtors.*))
                0x00010250                PROVIDE (__DTOR_END__, ABSOLUTE (.))
 *(.jcr)
                0x00010250                . = ALIGN (0x4)

.rodata         0x00010250       0x28
                0x00010250                PROVIDE (__ram_rodata_start, ABSOLUTE (.))
                0x00010250                . = ALIGN (0x4)
 *(.rodata .rodata.* .gnu.linkonce.r.*)
 .rodata.str1.4
                0x00010250       0x28 obj/hello_world_small.o
 *(.rodata1)
                0x00010278                . = ALIGN (0x4)
                0x00010278                PROVIDE (__ram_rodata_end, ABSOLUTE (.))
                0x00010250                PROVIDE (__flash_rodata_start, LOADADDR (.rodata))

.rwdata         0x00010278        0x4 load address 0x0001027c
                0x00010278                PROVIDE (__ram_rwdata_start, ABSOLUTE (.))
                0x00010278                . = ALIGN (0x4)
 *(.got.plt)
 *(.got)
 *(.data1)
 *(.data .data.* .gnu.linkonce.d.*)
 .data          0x00010278        0x0 ../HelloWorld_bsp//obj/HAL/src/crt0.o
 .data          0x00010278        0x0 obj/hello_world_small.o
 .data          0x00010278        0x0 ../HelloWorld_bsp/\libhal_bsp.a(alt_load.o)
 .data          0x00010278        0x0 ../HelloWorld_bsp/\libhal_bsp.a(alt_main.o)
 .data          0x00010278        0x0 ../HelloWorld_bsp/\libhal_bsp.a(alt_putstr.o)
 .data          0x00010278        0x0 ../HelloWorld_bsp/\libhal_bsp.a(alt_sys_init.o)
 .data          0x00010278        0x0 ../HelloWorld_bsp/\libhal_bsp.a(altera_avalon_jtag_uart_write.o)
 .data          0x00010278        0x0 ../HelloWorld_bsp/\libhal_bsp.a(alt_dcache_flush_all.o)
 .data          0x00010278        0x0 ../HelloWorld_bsp/\libhal_bsp.a(alt_icache_flush_all.o)
 .data          0x00010278        0x0 ../HelloWorld_bsp/\libhal_bsp.a(altera_nios2_irq.o)
 .data          0x00010278        0x0 ../HelloWorld_bsp/\libhal_bsp.a(alt_icache_flush.o)
 .data          0x00010278        0x0 c:/altera/11.0sp1/nios2eds/bin/gnu/h-i686-mingw32/bin/../lib/gcc/nios2-elf/4.1.2/../../../../nios2-elf/lib\libsmallc.a(lib_a-strlen.o)
                0x00018278                _gp = ABSOLUTE ((. + 0x8000))
                0x00018278                PROVIDE (gp, _gp)
 *(.rwdata .rwdata.*)
 *(.sdata .sdata.* .gnu.linkonce.s.*)
 .sdata         0x00010278        0x4 ../HelloWorld_bsp/\libhal_bsp.a(alt_sys_init.o)
                0x00010278                jtag_uart_0
 *(.sdata2 .sdata2.* .gnu.linkonce.s2.*)
                0x0001027c                . = ALIGN (0x4)
                0x0001027c                _edata = ABSOLUTE (.)
                0x0001027c                PROVIDE (edata, ABSOLUTE (.))
                0x0001027c                PROVIDE (__ram_rwdata_end, ABSOLUTE (.))
                0x0001027c                PROVIDE (__flash_rwdata_start, LOADADDR (.rwdata))

.bss            0x00010280        0xc
                0x00010280                __bss_start = ABSOLUTE (.)
                0x00010280                PROVIDE (__sbss_start, ABSOLUTE (.))
                0x00010280                PROVIDE (___sbss_start, ABSOLUTE (.))
 *(.dynsbss)
 *(.sbss .sbss.* .gnu.linkonce.sb.*)
 .sbss          0x00010280        0xc ../HelloWorld_bsp/\libhal_bsp.a(alt_main.o)
                0x00010280                alt_argc
                0x00010284                alt_argv
                0x00010288                alt_envp
 *(.sbss2 .sbss2.* .gnu.linkonce.sb2.*)
 *(.scommon)
                0x0001028c                PROVIDE (__sbss_end, ABSOLUTE (.))
                0x0001028c                PROVIDE (___sbss_end, ABSOLUTE (.))
 *(.dynbss)
 *(.bss .bss.* .gnu.linkonce.b.*)
 .bss           0x0001028c        0x0 ../HelloWorld_bsp//obj/HAL/src/crt0.o
 .bss           0x0001028c        0x0 obj/hello_world_small.o
 .bss           0x0001028c        0x0 ../HelloWorld_bsp/\libhal_bsp.a(alt_load.o)
 .bss           0x0001028c        0x0 ../HelloWorld_bsp/\libhal_bsp.a(alt_main.o)
 .bss           0x0001028c        0x0 ../HelloWorld_bsp/\libhal_bsp.a(alt_putstr.o)
 .bss           0x0001028c        0x0 ../HelloWorld_bsp/\libhal_bsp.a(alt_sys_init.o)
 .bss           0x0001028c        0x0 ../HelloWorld_bsp/\libhal_bsp.a(altera_avalon_jtag_uart_write.o)
 .bss           0x0001028c        0x0 ../HelloWorld_bsp/\libhal_bsp.a(alt_dcache_flush_all.o)
 .bss           0x0001028c        0x0 ../HelloWorld_bsp/\libhal_bsp.a(alt_icache_flush_all.o)
 .bss           0x0001028c        0x0 ../HelloWorld_bsp/\libhal_bsp.a(altera_nios2_irq.o)
 .bss           0x0001028c        0x0 ../HelloWorld_bsp/\libhal_bsp.a(alt_icache_flush.o)
 .bss           0x0001028c        0x0 c:/altera/11.0sp1/nios2eds/bin/gnu/h-i686-mingw32/bin/../lib/gcc/nios2-elf/4.1.2/../../../../nios2-elf/lib\libsmallc.a(lib_a-strlen.o)
 *(COMMON)
                0x0001028c                . = ALIGN (0x4)
                0x0001028c                __bss_end = ABSOLUTE (.)

.onchip_memory2_0
                0x0001028c        0x0
                0x0001028c                PROVIDE (_alt_partition_onchip_memory2_0_start, ABSOLUTE (.))
 *(.onchip_memory2_0. onchip_memory2_0.*)
                0x0001028c                . = ALIGN (0x4)
                0x0001028c                PROVIDE (_alt_partition_onchip_memory2_0_end, ABSOLUTE (.))
                0x0001028c                _end = ABSOLUTE (.)
                0x0001028c                end = ABSOLUTE (.)
                0x0001028c                __alt_stack_base = ABSOLUTE (.)
                0x0001028c                PROVIDE (_alt_partition_onchip_memory2_0_load_addr, LOADADDR (.onchip_memory2_0))

.stab
 *(.stab)

.stabstr
 *(.stabstr)

.stab.excl
 *(.stab.excl)

.stab.exclstr
 *(.stab.exclstr)

.stab.index
 *(.stab.index)

.stab.indexstr
 *(.stab.indexstr)

.comment        0x00000000       0x26
 *(.comment)
 .comment       0x00000000       0x26 obj/hello_world_small.o
                                 0x27 (size before relaxing)
 .comment       0x00000000       0x27 ../HelloWorld_bsp/\libhal_bsp.a(alt_load.o)
 .comment       0x00000000       0x27 ../HelloWorld_bsp/\libhal_bsp.a(alt_main.o)
 .comment       0x00000000       0x27 ../HelloWorld_bsp/\libhal_bsp.a(alt_putstr.o)
 .comment       0x00000000       0x27 ../HelloWorld_bsp/\libhal_bsp.a(alt_sys_init.o)
 .comment       0x00000000       0x27 ../HelloWorld_bsp/\libhal_bsp.a(altera_avalon_jtag_uart_write.o)
 .comment       0x00000000       0x27 ../HelloWorld_bsp/\libhal_bsp.a(alt_dcache_flush_all.o)
 .comment       0x00000000       0x27 ../HelloWorld_bsp/\libhal_bsp.a(alt_icache_flush_all.o)
 .comment       0x00000000       0x27 ../HelloWorld_bsp/\libhal_bsp.a(altera_nios2_irq.o)
 .comment       0x00000000       0x27 ../HelloWorld_bsp/\libhal_bsp.a(alt_icache_flush.o)
 .comment       0x00000000       0x27 c:/altera/11.0sp1/nios2eds/bin/gnu/h-i686-mingw32/bin/../lib/gcc/nios2-elf/4.1.2/../../../../nios2-elf/lib\libsmallc.a(lib_a-strlen.o)

.debug
 *(.debug)

.line
 *(.line)

.debug_srcinfo
 *(.debug_srcinfo)

.debug_sfnames
 *(.debug_sfnames)

.debug_aranges  0x00000000      0x188
 *(.debug_aranges)
 .debug_aranges
                0x00000000       0x28 ../HelloWorld_bsp//obj/HAL/src/crt0.o
 .debug_aranges
                0x00000028       0x20 obj/hello_world_small.o
 .debug_aranges
                0x00000048       0x20 ../HelloWorld_bsp/\libhal_bsp.a(alt_load.o)
 .debug_aranges
                0x00000068       0x20 ../HelloWorld_bsp/\libhal_bsp.a(alt_main.o)
 .debug_aranges
                0x00000088       0x20 ../HelloWorld_bsp/\libhal_bsp.a(alt_putstr.o)
 .debug_aranges
                0x000000a8       0x20 ../HelloWorld_bsp/\libhal_bsp.a(alt_sys_init.o)
 .debug_aranges
                0x000000c8       0x20 ../HelloWorld_bsp/\libhal_bsp.a(altera_avalon_jtag_uart_write.o)
 .debug_aranges
                0x000000e8       0x20 ../HelloWorld_bsp/\libhal_bsp.a(alt_dcache_flush_all.o)
 .debug_aranges
                0x00000108       0x20 ../HelloWorld_bsp/\libhal_bsp.a(alt_icache_flush_all.o)
 .debug_aranges
                0x00000128       0x20 ../HelloWorld_bsp/\libhal_bsp.a(altera_nios2_irq.o)
 .debug_aranges
                0x00000148       0x20 ../HelloWorld_bsp/\libhal_bsp.a(alt_icache_flush.o)
 .debug_aranges
                0x00000168       0x20 c:/altera/11.0sp1/nios2eds/bin/gnu/h-i686-mingw32/bin/../lib/gcc/nios2-elf/4.1.2/../../../../nios2-elf/lib\libsmallc.a(lib_a-strlen.o)

.debug_pubnames
                0x00000000      0x1df
 *(.debug_pubnames)
 .debug_pubnames
                0x00000000       0x1b obj/hello_world_small.o
 .debug_pubnames
                0x0000001b       0x1f ../HelloWorld_bsp/\libhal_bsp.a(alt_load.o)
 .debug_pubnames
                0x0000003a       0x46 ../HelloWorld_bsp/\libhal_bsp.a(alt_main.o)
 .debug_pubnames
                0x00000080       0x21 ../HelloWorld_bsp/\libhal_bsp.a(alt_putstr.o)
 .debug_pubnames
                0x000000a1       0x44 ../HelloWorld_bsp/\libhal_bsp.a(alt_sys_init.o)
 .debug_pubnames
                0x000000e5       0x34 ../HelloWorld_bsp/\libhal_bsp.a(altera_avalon_jtag_uart_write.o)
 .debug_pubnames
                0x00000119       0x2b ../HelloWorld_bsp/\libhal_bsp.a(alt_dcache_flush_all.o)
 .debug_pubnames
                0x00000144       0x2b ../HelloWorld_bsp/\libhal_bsp.a(alt_icache_flush_all.o)
 .debug_pubnames
                0x0000016f       0x2c ../HelloWorld_bsp/\libhal_bsp.a(altera_nios2_irq.o)
 .debug_pubnames
                0x0000019b       0x27 ../HelloWorld_bsp/\libhal_bsp.a(alt_icache_flush.o)
 .debug_pubnames
                0x000001c2       0x1d c:/altera/11.0sp1/nios2eds/bin/gnu/h-i686-mingw32/bin/../lib/gcc/nios2-elf/4.1.2/../../../../nios2-elf/lib\libsmallc.a(lib_a-strlen.o)

.debug_info     0x00000000      0xa3c
 *(.debug_info .gnu.linkonce.wi.*)
 .debug_info    0x00000000       0x67 ../HelloWorld_bsp//obj/HAL/src/crt0.o
 .debug_info    0x00000067       0x45 obj/hello_world_small.o
 .debug_info    0x000000ac      0x12e ../HelloWorld_bsp/\libhal_bsp.a(alt_load.o)
 .debug_info    0x000001da      0x125 ../HelloWorld_bsp/\libhal_bsp.a(alt_main.o)
 .debug_info    0x000002ff       0xc5 ../HelloWorld_bsp/\libhal_bsp.a(alt_putstr.o)
 .debug_info    0x000003c4      0x199 ../HelloWorld_bsp/\libhal_bsp.a(alt_sys_init.o)
 .debug_info    0x0000055d      0x18f ../HelloWorld_bsp/\libhal_bsp.a(altera_avalon_jtag_uart_write.o)
 .debug_info    0x000006ec       0x9f ../HelloWorld_bsp/\libhal_bsp.a(alt_dcache_flush_all.o)
 .debug_info    0x0000078b       0x8d ../HelloWorld_bsp/\libhal_bsp.a(alt_icache_flush_all.o)
 .debug_info    0x00000818       0x8d ../HelloWorld_bsp/\libhal_bsp.a(altera_nios2_irq.o)
 .debug_info    0x000008a5       0xd5 ../HelloWorld_bsp/\libhal_bsp.a(alt_icache_flush.o)
 .debug_info    0x0000097a       0xc2 c:/altera/11.0sp1/nios2eds/bin/gnu/h-i686-mingw32/bin/../lib/gcc/nios2-elf/4.1.2/../../../../nios2-elf/lib\libsmallc.a(lib_a-strlen.o)

.debug_abbrev   0x00000000      0x5b1
 *(.debug_abbrev)
 .debug_abbrev  0x00000000       0x12 ../HelloWorld_bsp//obj/HAL/src/crt0.o
 .debug_abbrev  0x00000012       0x34 obj/hello_world_small.o
 .debug_abbrev  0x00000046       0x97 ../HelloWorld_bsp/\libhal_bsp.a(alt_load.o)
 .debug_abbrev  0x000000dd       0xa6 ../HelloWorld_bsp/\libhal_bsp.a(alt_main.o)
 .debug_abbrev  0x00000183       0x7c ../HelloWorld_bsp/\libhal_bsp.a(alt_putstr.o)
 .debug_abbrev  0x000001ff       0xea ../HelloWorld_bsp/\libhal_bsp.a(alt_sys_init.o)
 .debug_abbrev  0x000002e9       0xf0 ../HelloWorld_bsp/\libhal_bsp.a(altera_avalon_jtag_uart_write.o)
 .debug_abbrev  0x000003d9       0x57 ../HelloWorld_bsp/\libhal_bsp.a(alt_dcache_flush_all.o)
 .debug_abbrev  0x00000430       0x3f ../HelloWorld_bsp/\libhal_bsp.a(alt_icache_flush_all.o)
 .debug_abbrev  0x0000046f       0x3f ../HelloWorld_bsp/\libhal_bsp.a(altera_nios2_irq.o)
 .debug_abbrev  0x000004ae       0x89 ../HelloWorld_bsp/\libhal_bsp.a(alt_icache_flush.o)
 .debug_abbrev  0x00000537       0x7a c:/altera/11.0sp1/nios2eds/bin/gnu/h-i686-mingw32/bin/../lib/gcc/nios2-elf/4.1.2/../../../../nios2-elf/lib\libsmallc.a(lib_a-strlen.o)

.debug_line     0x00000000     0x171f
 *(.debug_line)
 .debug_line    0x00000000       0x72 ../HelloWorld_bsp//obj/HAL/src/crt0.o
 .debug_line    0x00000072       0xdf obj/hello_world_small.o
 .debug_line    0x00000151      0x217 ../HelloWorld_bsp/\libhal_bsp.a(alt_load.o)
 .debug_line    0x00000368      0x2c2 ../HelloWorld_bsp/\libhal_bsp.a(alt_main.o)
 .debug_line    0x0000062a      0x1d9 ../HelloWorld_bsp/\libhal_bsp.a(alt_putstr.o)
 .debug_line    0x00000803      0x29f ../HelloWorld_bsp/\libhal_bsp.a(alt_sys_init.o)
 .debug_line    0x00000aa2      0x2f4 ../HelloWorld_bsp/\libhal_bsp.a(altera_avalon_jtag_uart_write.o)
 .debug_line    0x00000d96      0x1cd ../HelloWorld_bsp/\libhal_bsp.a(alt_dcache_flush_all.o)
 .debug_line    0x00000f63      0x1c5 ../HelloWorld_bsp/\libhal_bsp.a(alt_icache_flush_all.o)
 .debug_line    0x00001128      0x1c9 ../HelloWorld_bsp/\libhal_bsp.a(altera_nios2_irq.o)
 .debug_line    0x000012f1      0x1e1 ../HelloWorld_bsp/\libhal_bsp.a(alt_icache_flush.o)
 .debug_line    0x000014d2      0x24d c:/altera/11.0sp1/nios2eds/bin/gnu/h-i686-mingw32/bin/../lib/gcc/nios2-elf/4.1.2/../../../../nios2-elf/lib\libsmallc.a(lib_a-strlen.o)

.debug_frame    0x00000000      0x1a8
 *(.debug_frame)
 .debug_frame   0x00000000       0x28 obj/hello_world_small.o
 .debug_frame   0x00000028       0x38 ../HelloWorld_bsp/\libhal_bsp.a(alt_load.o)
 .debug_frame   0x00000060       0x28 ../HelloWorld_bsp/\libhal_bsp.a(alt_main.o)
 .debug_frame   0x00000088       0x28 ../HelloWorld_bsp/\libhal_bsp.a(alt_putstr.o)
 .debug_frame   0x000000b0       0x38 ../HelloWorld_bsp/\libhal_bsp.a(alt_sys_init.o)
 .debug_frame   0x000000e8       0x20 ../HelloWorld_bsp/\libhal_bsp.a(altera_avalon_jtag_uart_write.o)
 .debug_frame   0x00000108       0x20 ../HelloWorld_bsp/\libhal_bsp.a(alt_dcache_flush_all.o)
 .debug_frame   0x00000128       0x20 ../HelloWorld_bsp/\libhal_bsp.a(alt_icache_flush_all.o)
 .debug_frame   0x00000148       0x20 ../HelloWorld_bsp/\libhal_bsp.a(altera_nios2_irq.o)
 .debug_frame   0x00000168       0x20 ../HelloWorld_bsp/\libhal_bsp.a(alt_icache_flush.o)
 .debug_frame   0x00000188       0x20 c:/altera/11.0sp1/nios2eds/bin/gnu/h-i686-mingw32/bin/../lib/gcc/nios2-elf/4.1.2/../../../../nios2-elf/lib\libsmallc.a(lib_a-strlen.o)

.debug_str      0x00000000      0x538
 *(.debug_str)
 .debug_str     0x00000000       0x52 obj/hello_world_small.o
                                 0x57 (size before relaxing)
 .debug_str     0x00000052      0x177 ../HelloWorld_bsp/\libhal_bsp.a(alt_load.o)
                                0x1bc (size before relaxing)
 .debug_str     0x000001c9       0x75 ../HelloWorld_bsp/\libhal_bsp.a(alt_main.o)
                                0x140 (size before relaxing)
 .debug_str     0x0000023e       0x4c ../HelloWorld_bsp/\libhal_bsp.a(alt_putstr.o)
                                0x117 (size before relaxing)
 .debug_str     0x0000028a       0xb8 ../HelloWorld_bsp/\libhal_bsp.a(alt_sys_init.o)
                                0x1ed (size before relaxing)
 .debug_str     0x00000342       0x56 ../HelloWorld_bsp/\libhal_bsp.a(altera_avalon_jtag_uart_write.o)
                                0x1b8 (size before relaxing)
 .debug_str     0x00000398       0x34 ../HelloWorld_bsp/\libhal_bsp.a(alt_dcache_flush_all.o)
                                 0xff (size before relaxing)
 .debug_str     0x000003cc       0x34 ../HelloWorld_bsp/\libhal_bsp.a(alt_icache_flush_all.o)
                                 0xff (size before relaxing)
 .debug_str     0x00000400       0x31 ../HelloWorld_bsp/\libhal_bsp.a(altera_nios2_irq.o)
                                 0xfc (size before relaxing)
 .debug_str     0x00000431       0x2c ../HelloWorld_bsp/\libhal_bsp.a(alt_icache_flush.o)
                                0x105 (size before relaxing)
 .debug_str     0x0000045d       0xdb c:/altera/11.0sp1/nios2eds/bin/gnu/h-i686-mingw32/bin/../lib/gcc/nios2-elf/4.1.2/../../../../nios2-elf/lib\libsmallc.a(lib_a-strlen.o)
                                0x176 (size before relaxing)

.debug_loc      0x00000000      0x12e
 *(.debug_loc)
 .debug_loc     0x00000000       0x1f obj/hello_world_small.o
 .debug_loc     0x0000001f       0x1f ../HelloWorld_bsp/\libhal_bsp.a(alt_load.o)
 .debug_loc     0x0000003e       0x1f ../HelloWorld_bsp/\libhal_bsp.a(alt_main.o)
 .debug_loc     0x0000005d       0x48 ../HelloWorld_bsp/\libhal_bsp.a(alt_putstr.o)
 .debug_loc     0x000000a5       0x32 ../HelloWorld_bsp/\libhal_bsp.a(alt_sys_init.o)
 .debug_loc     0x000000d7       0x26 ../HelloWorld_bsp/\libhal_bsp.a(altera_avalon_jtag_uart_write.o)
 .debug_loc     0x000000fd       0x13 ../HelloWorld_bsp/\libhal_bsp.a(alt_icache_flush.o)
 .debug_loc     0x00000110       0x1e c:/altera/11.0sp1/nios2eds/bin/gnu/h-i686-mingw32/bin/../lib/gcc/nios2-elf/4.1.2/../../../../nios2-elf/lib\libsmallc.a(lib_a-strlen.o)

.debug_macinfo
 *(.debug_macinfo)

.debug_weaknames
 *(.debug_weaknames)

.debug_funcnames
 *(.debug_funcnames)

.debug_typenames
 *(.debug_typenames)

.debug_varnames
 *(.debug_varnames)

.debug_alt_sim_info
                0x00000000       0x30
 *(.debug_alt_sim_info)
 .debug_alt_sim_info
                0x00000000       0x30 ../HelloWorld_bsp//obj/HAL/src/crt0.o
                0x0001a000                __alt_data_end = 0x1a000
                0x0001a000                PROVIDE (__alt_stack_pointer, __alt_data_end)
                0x0001028c                PROVIDE (__alt_stack_limit, __alt_stack_base)
                0x0001028c                PROVIDE (__alt_heap_start, end)
                0x0001a000                PROVIDE (__alt_heap_limit, 0x1a000)
OUTPUT(HelloWorld.elf elf32-littlenios2)

.debug_ranges   0x00000000       0x20
 .debug_ranges  0x00000000       0x20 ../HelloWorld_bsp//obj/HAL/src/crt0.o
